172.18.0.1 - - [06/Mar/2020:08:34:23 +0000] "GET /app/plugins/kagg-pagespeed-module/js/mod-pagespeed-admin.js?ver=1.1.5 HTTP/1.1" 200 1357 "http://dev.vuetify.cms/wp/wp-admin/" "Mozilla/5.0 (Macintosh; Intel Mac OS X 10_15_2) AppleWebKit/537.36 (KHTML, like Gecko) Chrome/80.0.3987.122 Safari/537.36"
172.18.0.1 - - [06/Mar/2020:08:34:23 +0000] "GET /wp/wp-includes/js/jquery/ui/resizable.min.js?ver=1.11.4 HTTP/1.1" 200 18403 "http://dev.vuetify.cms/wp/wp-admin/" "Mozilla/5.0 (Macintosh; Intel Mac OS X 10_15_2) AppleWebKit/537.36 (KHTML, like Gecko) Chrome/80.0.3987.122 Safari/537.36"
172.18.0.1 - - [06/Mar/2020:08:34:23 +0000] "GET /wp/wp-includes/js/jquery/ui/draggable.min.js?ver=1.11.4 HTTP/1.1" 200 18847 "http://dev.vuetify.cms/wp/wp-admin/" "Mozilla/5.0 (Macintosh; Intel Mac OS X 10_15_2) AppleWebKit/537.36 (KHTML, like Gecko) Chrome/80.0.3987.122 Safari/537.36"
172.18.0.1 - - [06/Mar/2020:08:34:23 +0000] "GET /wp/wp-includes/js/jquery/ui/button.min.js?ver=1.11.4 HTTP/1.1" 200 7217 "http://dev.vuetify.cms/wp/wp-admin/" "Mozilla/5.0 (Macintosh; Intel Mac OS X 10_15_2) AppleWebKit/537.36 (KHTML, like Gecko) Chrome/80.0.3987.122 Safari/537.36"
172.18.0.1 - - [06/Mar/2020:08:34:23 +0000] "GET /wp/wp-includes/js/jquery/ui/position.min.js?ver=1.11.4 HTTP/1.1" 200 6482 "http://dev.vuetify.cms/wp/wp-admin/" "Mozilla/5.0 (Macintosh; Intel Mac OS X 10_15_2) AppleWebKit/537.36 (KHTML, like Gecko) Chrome/80.0.3987.122 Safari/537.36"
172.18.0.1 - - [06/Mar/2020:08:34:23 +0000] "GET /wp/wp-includes/js/jquery/ui/dialog.min.js?ver=1.11.4 HTTP/1.1" 200 12098 "http://dev.vuetify.cms/wp/wp-admin/" "Mozilla/5.0 (Macintosh; Intel Mac OS X 10_15_2) AppleWebKit/537.36 (KHTML, like Gecko) Chrome/80.0.3987.122 Safari/537.36"
172.18.0.1 - - [06/Mar/2020:08:34:23 +0000] "GET /app/plugins/yith-woocommerce-booking-premium/plugin-fw/assets/js/yith-dashboard.js?ver=1.0.0 HTTP/1.1" 200 1492 "http://dev.vuetify.cms/wp/wp-admin/" "Mozilla/5.0 (Macintosh; Intel Mac OS X 10_15_2) AppleWebKit/537.36 (KHTML, like Gecko) Chrome/80.0.3987.122 Safari/537.36"
172.18.0.1 - - [06/Mar/2020:08:34:23 +0000] "GET /app/plugins/stream/ui/stream-icons/font/stream.ttf HTTP/1.1" 200 1080 "http://dev.vuetify.cms/app/plugins/stream/ui/stream-icons/style.css?ver=3.4.2" "Mozilla/5.0 (Macintosh; Intel Mac OS X 10_15_2) AppleWebKit/537.36 (KHTML, like Gecko) Chrome/80.0.3987.122 Safari/537.36"
172.18.0.1 - - [06/Mar/2020:08:34:23 +0000] "GET /app/plugins/woocommerce/assets/fonts/WooCommerce.woff HTTP/1.1" 200 14176 "http://dev.vuetify.cms/app/plugins/woocommerce/assets/css/menu.css?ver=3.9.1" "Mozilla/5.0 (Macintosh; Intel Mac OS X 10_15_2) AppleWebKit/537.36 (KHTML, like Gecko) Chrome/80.0.3987.122 Safari/537.36"
172.18.0.1 - - [06/Mar/2020:08:34:23 +0000] "GET /wp/wp-includes/js/thickbox/loadingAnimation.gif HTTP/1.1" 200 15238 "http://dev.vuetify.cms/wp/wp-admin/" "Mozilla/5.0 (Macintosh; Intel Mac OS X 10_15_2) AppleWebKit/537.36 (KHTML, like Gecko) Chrome/80.0.3987.122 Safari/537.36"
172.18.0.1 - - [06/Mar/2020:08:34:24 +0000] "GET /favicon.ico HTTP/1.1" 200 5 "http://dev.vuetify.cms/wp/wp-admin/" "Mozilla/5.0 (Macintosh; Intel Mac OS X 10_15_2) AppleWebKit/537.36 (KHTML, like Gecko) Chrome/80.0.3987.122 Safari/537.36"
127.0.0.1 - - [06/Mar/2020:08:35:24 +0000] "POST /wp/wp-cron.php?doing_wp_cron=1583483724.3783380985260009765625 HTTP/1.1" 200 31 "http://dev.vuetify.cms/wp/wp-cron.php?doing_wp_cron=1583483724.3783380985260009765625" "WordPress/5.3.2; http://dev.vuetify.cms"
172.18.0.1 - - [06/Mar/2020:08:35:24 +0000] "POST /wp/wp-admin/admin-ajax.php?_fs_blog_admin=true HTTP/1.1" 200 58 "http://dev.vuetify.cms/wp/wp-admin/" "Mozilla/5.0 (Macintosh; Intel Mac OS X 10_15_2) AppleWebKit/537.36 (KHTML, like Gecko) Chrome/80.0.3987.122 Safari/537.36"
127.0.0.1 - - [06/Mar/2020:08:36:24 +0000] "POST /wp/wp-cron.php?doing_wp_cron=1583483784.4543399810791015625000 HTTP/1.1" 200 31 "http://dev.vuetify.cms/wp/wp-cron.php?doing_wp_cron=1583483784.4543399810791015625000" "WordPress/5.3.2; http://dev.vuetify.cms"
172.18.0.1 - - [06/Mar/2020:08:36:24 +0000] "POST /wp/wp-admin/admin-ajax.php?_fs_blog_admin=true HTTP/1.1" 200 58 "http://dev.vuetify.cms/wp/wp-admin/" "Mozilla/5.0 (Macintosh; Intel Mac OS X 10_15_2) AppleWebKit/537.36 (KHTML, like Gecko) Chrome/80.0.3987.122 Safari/537.36"
127.0.0.1 - - [06/Mar/2020:08:37:24 +0000] "POST /wp/wp-cron.php?doing_wp_cron=1583483844.6154439449310302734375 HTTP/1.1" 200 31 "http://dev.vuetify.cms/wp/wp-cron.php?doing_wp_cron=1583483844.6154439449310302734375" "WordPress/5.3.2; http://dev.vuetify.cms"
172.18.0.1 - - [06/Mar/2020:08:37:24 +0000] "POST /wp/wp-admin/admin-ajax.php?_fs_blog_admin=true HTTP/1.1" 200 58 "http://dev.vuetify.cms/wp/wp-admin/" "Mozilla/5.0 (Macintosh; Intel Mac OS X 10_15_2) AppleWebKit/537.36 (KHTML, like Gecko) Chrome/80.0.3987.122 Safari/537.36"
127.0.0.1 - - [06/Mar/2020:08:39:24 +0000] "POST /wp/wp-cron.php?doing_wp_cron=1583483964.6649301052093505859375 HTTP/1.1" 200 31 "http://dev.vuetify.cms/wp/wp-cron.php?doing_wp_cron=1583483964.6649301052093505859375" "WordPress/5.3.2; http://dev.vuetify.cms"
172.18.0.1 - - [06/Mar/2020:08:39:25 +0000] "POST /wp/wp-admin/admin-ajax.php?_fs_blog_admin=true HTTP/1.1" 200 58 "http://dev.vuetify.cms/wp/wp-admin/" "Mozilla/5.0 (Macintosh; Intel Mac OS X 10_15_2) AppleWebKit/537.36 (KHTML, like Gecko) Chrome/80.0.3987.122 Safari/537.36"
127.0.0.1 - - [06/Mar/2020:08:40:24 +0000] "POST /wp/wp-cron.php?doing_wp_cron=1583484024.6433138847351074218750 HTTP/1.1" 200 31 "http://dev.vuetify.cms/wp/wp-cron.php?doing_wp_cron=1583484024.6433138847351074218750" "WordPress/5.3.2; http://dev.vuetify.cms"
172.18.0.1 - - [06/Mar/2020:08:40:24 +0000] "POST /wp/wp-admin/admin-ajax.php?_fs_blog_admin=true HTTP/1.1" 200 58 "http://dev.vuetify.cms/wp/wp-admin/" "Mozilla/5.0 (Macintosh; Intel Mac OS X 10_15_2) AppleWebKit/537.36 (KHTML, like Gecko) Chrome/80.0.3987.122 Safari/537.36"
127.0.0.1 - - [06/Mar/2020:08:42:24 +0000] "POST /wp/wp-cron.php?doing_wp_cron=1583484144.7199931144714355468750 HTTP/1.1" 200 31 "http://dev.vuetify.cms/wp/wp-cron.php?doing_wp_cron=1583484144.7199931144714355468750" "WordPress/5.3.2; http://dev.vuetify.cms"
172.18.0.1 - - [06/Mar/2020:08:42:26 +0000] "GET / HTTP/1.1" 200 9999 "-" "Mozilla/5.0 (Macintosh; Intel Mac OS X 10_15_2) AppleWebKit/537.36 (KHTML, like Gecko) Chrome/80.0.3987.122 Safari/537.36"
172.18.0.1 - - [06/Mar/2020:08:42:26 +0000] "GET /app/themes/vue-wordpress/dist/vue-wordpress.css?ver=5.3.2 HTTP/1.1" 304 0 "http://dev.vuetify.cms/" "Mozilla/5.0 (Macintosh; Intel Mac OS X 10_15_2) AppleWebKit/537.36 (KHTML, like Gecko) Chrome/80.0.3987.122 Safari/537.36"
172.18.0.1 - - [06/Mar/2020:08:42:26 +0000] "GET /app/themes/vue-wordpress/dist/vue-wordpress.js HTTP/1.1" 304 0 "http://dev.vuetify.cms/" "Mozilla/5.0 (Macintosh; Intel Mac OS X 10_15_2) AppleWebKit/537.36 (KHTML, like Gecko) Chrome/80.0.3987.122 Safari/537.36"
172.18.0.1 - - [06/Mar/2020:08:42:26 +0000] "POST /wp/wp-admin/admin-ajax.php?_fs_blog_admin=true HTTP/1.1" 200 58 "http://dev.vuetify.cms/wp/wp-admin/" "Mozilla/5.0 (Macintosh; Intel Mac OS X 10_15_2) AppleWebKit/537.36 (KHTML, like Gecko) Chrome/80.0.3987.122 Safari/537.36"
172.18.0.1 - - [06/Mar/2020:08:42:26 +0000] "GET /favicon.ico HTTP/1.1" 200 5 "http://dev.vuetify.cms/" "Mozilla/5.0 (Macintosh; Intel Mac OS X 10_15_2) AppleWebKit/537.36 (KHTML, like Gecko) Chrome/80.0.3987.122 Safari/537.36"
172.18.0.1 - - [06/Mar/2020:08:42:27 +0000] "POST /?wc-ajax=get_refreshed_fragments HTTP/1.1" 200 221 "http://dev.vuetify.cms/" "Mozilla/5.0 (Macintosh; Intel Mac OS X 10_15_2) AppleWebKit/537.36 (KHTML, like Gecko) Chrome/80.0.3987.122 Safari/537.36"
172.18.0.1 - - [06/Mar/2020:08:42:31 +0000] "GET /wp/wp-admin/ HTTP/1.1" 200 23887 "http://dev.vuetify.cms/" "Mozilla/5.0 (Macintosh; Intel Mac OS X 10_15_2) AppleWebKit/537.36 (KHTML, like Gecko) Chrome/80.0.3987.122 Safari/537.36"
172.18.0.1 - - [06/Mar/2020:08:42:32 +0000] "GET /favicon.ico HTTP/1.1" 200 5 "http://dev.vuetify.cms/wp/wp-admin/" "Mozilla/5.0 (Macintosh; Intel Mac OS X 10_15_2) AppleWebKit/537.36 (KHTML, like Gecko) Chrome/80.0.3987.122 Safari/537.36"
127.0.0.1 - - [06/Mar/2020:08:43:33 +0000] "POST /wp/wp-cron.php?doing_wp_cron=1583484213.7521810531616210937500 HTTP/1.1" 200 31 "http://dev.vuetify.cms/wp/wp-cron.php?doing_wp_cron=1583484213.7521810531616210937500" "WordPress/5.3.2; http://dev.vuetify.cms"
172.18.0.1 - - [06/Mar/2020:08:43:34 +0000] "POST /wp/wp-admin/admin-ajax.php?_fs_blog_admin=true HTTP/1.1" 200 58 "http://dev.vuetify.cms/wp/wp-admin/" "Mozilla/5.0 (Macintosh; Intel Mac OS X 10_15_2) AppleWebKit/537.36 (KHTML, like Gecko) Chrome/80.0.3987.122 Safari/537.36"
127.0.0.1 - - [06/Mar/2020:08:44:25 +0000] "POST /wp/wp-cron.php?doing_wp_cron=1583484265.2675659656524658203125 HTTP/1.1" 200 31 "http://dev.vuetify.cms/wp/wp-cron.php?doing_wp_cron=1583484265.2675659656524658203125" "WordPress/5.3.2; http://dev.vuetify.cms"
172.18.0.1 - - [06/Mar/2020:08:44:25 +0000] "POST /wp/wp-admin/admin-ajax.php?_fs_blog_admin=true HTTP/1.1" 200 58 "http://dev.vuetify.cms/wp/wp-admin/" "Mozilla/5.0 (Macintosh; Intel Mac OS X 10_15_2) AppleWebKit/537.36 (KHTML, like Gecko) Chrome/80.0.3987.122 Safari/537.36"
127.0.0.1 - - [06/Mar/2020:08:45:33 +0000] "POST /wp/wp-cron.php?doing_wp_cron=1583484333.6845700740814208984375 HTTP/1.1" 200 31 "http://dev.vuetify.cms/wp/wp-cron.php?doing_wp_cron=1583484333.6845700740814208984375" "WordPress/5.3.2; http://dev.vuetify.cms"
172.18.0.1 - - [06/Mar/2020:08:45:33 +0000] "POST /wp/wp-admin/admin-ajax.php?_fs_blog_admin=true HTTP/1.1" 200 58 "http://dev.vuetify.cms/wp/wp-admin/" "Mozilla/5.0 (Macintosh; Intel Mac OS X 10_15_2) AppleWebKit/537.36 (KHTML, like Gecko) Chrome/80.0.3987.122 Safari/537.36"
127.0.0.1 - - [06/Mar/2020:08:46:25 +0000] "POST /wp/wp-cron.php?doing_wp_cron=1583484385.7384469509124755859375 HTTP/1.1" 200 31 "http://dev.vuetify.cms/wp/wp-cron.php?doing_wp_cron=1583484385.7384469509124755859375" "WordPress/5.3.2; http://dev.vuetify.cms"
172.18.0.1 - - [06/Mar/2020:08:46:26 +0000] "POST /wp/wp-admin/admin-ajax.php?_fs_blog_admin=true HTTP/1.1" 200 58 "http://dev.vuetify.cms/wp/wp-admin/" "Mozilla/5.0 (Macintosh; Intel Mac OS X 10_15_2) AppleWebKit/537.36 (KHTML, like Gecko) Chrome/80.0.3987.122 Safari/537.36"
172.18.0.1 - - [06/Mar/2020:08:46:46 +0000] "POST /wp/wp-admin/admin-ajax.php?_fs_blog_admin=true HTTP/1.1" 200 58 "http://dev.vuetify.cms/wp/wp-admin/" "Mozilla/5.0 (Macintosh; Intel Mac OS X 10_15_2) AppleWebKit/537.36 (KHTML, like Gecko) Chrome/80.0.3987.122 Safari/537.36"
127.0.0.1 - - [06/Mar/2020:08:48:46 +0000] "POST /wp/wp-cron.php?doing_wp_cron=1583484526.7490561008453369140625 HTTP/1.1" 200 31 "http://dev.vuetify.cms/wp/wp-cron.php?doing_wp_cron=1583484526.7490561008453369140625" "WordPress/5.3.2; http://dev.vuetify.cms"
172.18.0.1 - - [06/Mar/2020:08:48:47 +0000] "POST /wp/wp-admin/admin-ajax.php?_fs_blog_admin=true HTTP/1.1" 200 58 "http://dev.vuetify.cms/wp/wp-admin/" "Mozilla/5.0 (Macintosh; Intel Mac OS X 10_15_2) AppleWebKit/537.36 (KHTML, like Gecko) Chrome/80.0.3987.122 Safari/537.36"
127.0.0.1 - - [06/Mar/2020:08:50:28 +0000] "POST /wp/wp-cron.php?doing_wp_cron=1583484628.0561439990997314453125 HTTP/1.1" 200 31 "http://dev.vuetify.cms/wp/wp-cron.php?doing_wp_cron=1583484628.0561439990997314453125" "WordPress/5.3.2; http://dev.vuetify.cms"
172.18.0.1 - - [06/Mar/2020:08:50:28 +0000] "GET / HTTP/1.1" 200 10013 "-" "Mozilla/5.0 (Macintosh; Intel Mac OS X 10_15_2) AppleWebKit/537.36 (KHTML, like Gecko) Chrome/80.0.3987.122 Safari/537.36"
172.18.0.1 - - [06/Mar/2020:08:50:28 +0000] "GET /app/themes/vue-wordpress/dist/vue-wordpress.css?ver=5.3.2 HTTP/1.1" 304 0 "http://dev.vuetify.cms/" "Mozilla/5.0 (Macintosh; Intel Mac OS X 10_15_2) AppleWebKit/537.36 (KHTML, like Gecko) Chrome/80.0.3987.122 Safari/537.36"
172.18.0.1 - - [06/Mar/2020:08:50:29 +0000] "GET /favicon.ico HTTP/1.1" 200 5 "http://dev.vuetify.cms/" "Mozilla/5.0 (Macintosh; Intel Mac OS X 10_15_2) AppleWebKit/537.36 (KHTML, like Gecko) Chrome/80.0.3987.122 Safari/537.36"
172.18.0.1 - - [06/Mar/2020:08:50:30 +0000] "POST /?wc-ajax=get_refreshed_fragments HTTP/1.1" 200 221 "http://dev.vuetify.cms/" "Mozilla/5.0 (Macintosh; Intel Mac OS X 10_15_2) AppleWebKit/537.36 (KHTML, like Gecko) Chrome/80.0.3987.122 Safari/537.36"
127.0.0.1 - - [06/Mar/2020:08:50:46 +0000] "POST /wp/wp-cron.php?doing_wp_cron=1583484646.8357639312744140625000 HTTP/1.1" 200 31 "http://dev.vuetify.cms/wp/wp-cron.php?doing_wp_cron=1583484646.8357639312744140625000" "WordPress/5.3.2; http://dev.vuetify.cms"
172.18.0.1 - - [06/Mar/2020:08:50:47 +0000] "POST /wp/wp-admin/admin-ajax.php?_fs_blog_admin=true HTTP/1.1" 200 58 "http://dev.vuetify.cms/wp/wp-admin/" "Mozilla/5.0 (Macintosh; Intel Mac OS X 10_15_2) AppleWebKit/537.36 (KHTML, like Gecko) Chrome/80.0.3987.122 Safari/537.36"
127.0.0.1 - - [06/Mar/2020:08:51:18 +0000] "POST /wp/wp-cron.php?doing_wp_cron=1583484678.7449378967285156250000 HTTP/1.1" 200 31 "http://dev.vuetify.cms/wp/wp-cron.php?doing_wp_cron=1583484678.7449378967285156250000" "WordPress/5.3.2; http://dev.vuetify.cms"
172.18.0.1 - - [06/Mar/2020:08:51:19 +0000] "GET / HTTP/1.1" 200 10014 "-" "Mozilla/5.0 (Macintosh; Intel Mac OS X 10_15_2) AppleWebKit/537.36 (KHTML, like Gecko) Chrome/80.0.3987.122 Safari/537.36"
172.18.0.1 - - [06/Mar/2020:08:51:19 +0000] "GET /favicon.ico HTTP/1.1" 200 5 "http://dev.vuetify.cms/" "Mozilla/5.0 (Macintosh; Intel Mac OS X 10_15_2) AppleWebKit/537.36 (KHTML, like Gecko) Chrome/80.0.3987.122 Safari/537.36"
127.0.0.1 - - [06/Mar/2020:08:52:47 +0000] "POST /wp/wp-cron.php?doing_wp_cron=1583484767.5720260143280029296875 HTTP/1.1" 200 31 "http://dev.vuetify.cms/wp/wp-cron.php?doing_wp_cron=1583484767.5720260143280029296875" "WordPress/5.3.2; http://dev.vuetify.cms"
172.18.0.1 - - [06/Mar/2020:08:52:47 +0000] "POST /wp/wp-admin/admin-ajax.php?_fs_blog_admin=true HTTP/1.1" 200 58 "http://dev.vuetify.cms/wp/wp-admin/" "Mozilla/5.0 (Macintosh; Intel Mac OS X 10_15_2) AppleWebKit/537.36 (KHTML, like Gecko) Chrome/80.0.3987.122 Safari/537.36"
172.18.0.1 - - [06/Mar/2020:08:56:47 +0000] "GET /favicon.ico HTTP/1.1" 200 5 "http://dev.vuetify.cms/contact-us/" "Mozilla/5.0 (Macintosh; Intel Mac OS X 10_15_2) AppleWebKit/537.36 (KHTML, like Gecko) Chrome/80.0.3987.122 Safari/537.36"
127.0.0.1 - - [06/Mar/2020:08:56:51 +0000] "POST /wp/wp-cron.php?doing_wp_cron=1583485011.2284409999847412109375 HTTP/1.1" 200 31 "http://dev.vuetify.cms/wp/wp-cron.php?doing_wp_cron=1583485011.2284409999847412109375" "WordPress/5.3.2; http://dev.vuetify.cms"
127.0.0.1 - - [06/Mar/2020:08:56:52 +0000] "POST /wp/wp-cron.php?doing_wp_cron=1583485011.2284400463104248046875 HTTP/1.1" 200 31 "http://dev.vuetify.cms/wp/wp-cron.php?doing_wp_cron=1583485011.2284400463104248046875" "WordPress/5.3.2; http://dev.vuetify.cms"
172.18.0.1 - - [06/Mar/2020:08:56:53 +0000] "GET /wp-json/wp/v2/posts/?slug=contact-us HTTP/1.1" 200 12 "http://dev.vuetify.cms/contact-us/" "Mozilla/5.0 (Macintosh; Intel Mac OS X 10_15_2) AppleWebKit/537.36 (KHTML, like Gecko) Chrome/80.0.3987.122 Safari/537.36"
172.18.0.1 - - [06/Mar/2020:08:56:53 +0000] "POST /wp/wp-admin/admin-ajax.php?_fs_blog_admin=true HTTP/1.1" 200 58 "http://dev.vuetify.cms/wp/wp-admin/" "Mozilla/5.0 (Macintosh; Intel Mac OS X 10_15_2) AppleWebKit/537.36 (KHTML, like Gecko) Chrome/80.0.3987.122 Safari/537.36"
172.18.0.1 - - [06/Mar/2020:08:56:54 +0000] "GET /contact-us/ HTTP/1.1" 200 10048 "-" "Mozilla/5.0 (Macintosh; Intel Mac OS X 10_15_2) AppleWebKit/537.36 (KHTML, like Gecko) Chrome/80.0.3987.122 Safari/537.36"
172.18.0.1 - - [06/Mar/2020:08:56:54 +0000] "GET /app/themes/vue-wordpress/style.css?ver=5.3.2 HTTP/1.1" 304 0 "http://dev.vuetify.cms/contact-us/" "Mozilla/5.0 (Macintosh; Intel Mac OS X 10_15_2) AppleWebKit/537.36 (KHTML, like Gecko) Chrome/80.0.3987.122 Safari/537.36"
172.18.0.1 - - [06/Mar/2020:08:56:54 +0000] "GET /app/themes/vue-wordpress/dist/vue-wordpress.css?ver=5.3.2 HTTP/1.1" 304 0 "http://dev.vuetify.cms/contact-us/" "Mozilla/5.0 (Macintosh; Intel Mac OS X 10_15_2) AppleWebKit/537.36 (KHTML, like Gecko) Chrome/80.0.3987.122 Safari/537.36"
172.18.0.1 - - [06/Mar/2020:08:56:54 +0000] "GET /favicon.ico HTTP/1.1" 200 5 "http://dev.vuetify.cms/contact-us/" "Mozilla/5.0 (Macintosh; Intel Mac OS X 10_15_2) AppleWebKit/537.36 (KHTML, like Gecko) Chrome/80.0.3987.122 Safari/537.36"
172.18.0.1 - - [06/Mar/2020:08:56:56 +0000] "GET /contact-us/ HTTP/1.1" 200 10049 "http://dev.vuetify.cms/contact-us/" "Mozilla/5.0 (Macintosh; Intel Mac OS X 10_15_2) AppleWebKit/537.36 (KHTML, like Gecko) Chrome/80.0.3987.122 Safari/537.36"
172.18.0.1 - - [06/Mar/2020:08:56:56 +0000] "GET /favicon.ico HTTP/1.1" 200 5 "http://dev.vuetify.cms/contact-us/" "Mozilla/5.0 (Macintosh; Intel Mac OS X 10_15_2) AppleWebKit/537.36 (KHTML, like Gecko) Chrome/80.0.3987.122 Safari/537.36"
172.18.0.1 - - [06/Mar/2020:08:56:59 +0000] "GET /blog-listing/ HTTP/1.1" 200 12154 "http://dev.vuetify.cms/contact-us/" "Mozilla/5.0 (Macintosh; Intel Mac OS X 10_15_2) AppleWebKit/537.36 (KHTML, like Gecko) Chrome/80.0.3987.122 Safari/537.36"
172.18.0.1 - - [06/Mar/2020:08:56:59 +0000] "GET /favicon.ico HTTP/1.1" 200 5 "http://dev.vuetify.cms/blog-listing/" "Mozilla/5.0 (Macintosh; Intel Mac OS X 10_15_2) AppleWebKit/537.36 (KHTML, like Gecko) Chrome/80.0.3987.122 Safari/537.36"
172.18.0.1 - - [06/Mar/2020:08:57:01 +0000] "GET /tours/ HTTP/1.1" 200 10045 "http://dev.vuetify.cms/blog-listing/" "Mozilla/5.0 (Macintosh; Intel Mac OS X 10_15_2) AppleWebKit/537.36 (KHTML, like Gecko) Chrome/80.0.3987.122 Safari/537.36"
172.18.0.1 - - [06/Mar/2020:08:57:01 +0000] "GET /favicon.ico HTTP/1.1" 200 5 "http://dev.vuetify.cms/tours/" "Mozilla/5.0 (Macintosh; Intel Mac OS X 10_15_2) AppleWebKit/537.36 (KHTML, like Gecko) Chrome/80.0.3987.122 Safari/537.36"
172.18.0.1 - - [06/Mar/2020:08:57:02 +0000] "GET /favicon.ico HTTP/1.1" 200 5 "http://dev.vuetify.cms/tours/" "Mozilla/5.0 (Macintosh; Intel Mac OS X 10_15_2) AppleWebKit/537.36 (KHTML, like Gecko) Chrome/80.0.3987.122 Safari/537.36"
172.18.0.1 - - [06/Mar/2020:08:57:06 +0000] "GET / HTTP/1.1" 200 10013 "http://dev.vuetify.cms/tours/" "Mozilla/5.0 (Macintosh; Intel Mac OS X 10_15_2) AppleWebKit/537.36 (KHTML, like Gecko) Chrome/80.0.3987.122 Safari/537.36"
172.18.0.1 - - [06/Mar/2020:08:57:06 +0000] "GET /favicon.ico HTTP/1.1" 200 5 "http://dev.vuetify.cms/" "Mozilla/5.0 (Macintosh; Intel Mac OS X 10_15_2) AppleWebKit/537.36 (KHTML, like Gecko) Chrome/80.0.3987.122 Safari/537.36"
127.0.0.1 - - [06/Mar/2020:08:57:25 +0000] "POST /wp/wp-cron.php?doing_wp_cron=1583485045.7940640449523925781250 HTTP/1.1" 200 31 "http://dev.vuetify.cms/wp/wp-cron.php?doing_wp_cron=1583485045.7940640449523925781250" "WordPress/5.3.2; http://dev.vuetify.cms"
172.18.0.1 - - [06/Mar/2020:08:57:26 +0000] "GET /wp/wp-admin/ HTTP/1.1" 200 23888 "http://dev.vuetify.cms/" "Mozilla/5.0 (Macintosh; Intel Mac OS X 10_15_2) AppleWebKit/537.36 (KHTML, like Gecko) Chrome/80.0.3987.122 Safari/537.36"
172.18.0.1 - - [06/Mar/2020:08:57:27 +0000] "GET /favicon.ico HTTP/1.1" 200 5 "http://dev.vuetify.cms/wp/wp-admin/" "Mozilla/5.0 (Macintosh; Intel Mac OS X 10_15_2) AppleWebKit/537.36 (KHTML, like Gecko) Chrome/80.0.3987.122 Safari/537.36"
172.18.0.1 - - [06/Mar/2020:08:57:38 +0000] "GET /wp/wp-admin/edit.php?post_type=acf-field-group HTTP/1.1" 200 21306 "http://dev.vuetify.cms/wp/wp-admin/" "Mozilla/5.0 (Macintosh; Intel Mac OS X 10_15_2) AppleWebKit/537.36 (KHTML, like Gecko) Chrome/80.0.3987.122 Safari/537.36"
172.18.0.1 - - [06/Mar/2020:08:57:38 +0000] "GET /app/plugins/advanced-custom-fields-pro/assets/js/acf-input.js?ver=5.8.7 HTTP/1.1" 200 299294 "http://dev.vuetify.cms/wp/wp-admin/edit.php?post_type=acf-field-group" "Mozilla/5.0 (Macintosh; Intel Mac OS X 10_15_2) AppleWebKit/537.36 (KHTML, like Gecko) Chrome/80.0.3987.122 Safari/537.36"
172.18.0.1 - - [06/Mar/2020:08:57:38 +0000] "GET /wp/wp-includes/js/jquery/ui/menu.min.js?ver=1.11.4 HTTP/1.1" 200 9557 "http://dev.vuetify.cms/wp/wp-admin/edit.php?post_type=acf-field-group" "Mozilla/5.0 (Macintosh; Intel Mac OS X 10_15_2) AppleWebKit/537.36 (KHTML, like Gecko) Chrome/80.0.3987.122 Safari/537.36"
172.18.0.1 - - [06/Mar/2020:08:57:38 +0000] "GET /wp/wp-admin/js/inline-edit-post.js?ver=5.3.2 HTTP/1.1" 200 16261 "http://dev.vuetify.cms/wp/wp-admin/edit.php?post_type=acf-field-group" "Mozilla/5.0 (Macintosh; Intel Mac OS X 10_15_2) AppleWebKit/537.36 (KHTML, like Gecko) Chrome/80.0.3987.122 Safari/537.36"
172.18.0.1 - - [06/Mar/2020:08:57:38 +0000] "GET /wp/wp-admin/js/tags-suggest.js?ver=5.3.2 HTTP/1.1" 200 5440 "http://dev.vuetify.cms/wp/wp-admin/edit.php?post_type=acf-field-group" "Mozilla/5.0 (Macintosh; Intel Mac OS X 10_15_2) AppleWebKit/537.36 (KHTML, like Gecko) Chrome/80.0.3987.122 Safari/537.36"
172.18.0.1 - - [06/Mar/2020:08:57:38 +0000] "GET /wp/wp-includes/js/jquery/ui/autocomplete.min.js?ver=1.11.4 HTTP/1.1" 200 8229 "http://dev.vuetify.cms/wp/wp-admin/edit.php?post_type=acf-field-group" "Mozilla/5.0 (Macintosh; Intel Mac OS X 10_15_2) AppleWebKit/537.36 (KHTML, like Gecko) Chrome/80.0.3987.122 Safari/537.36"
172.18.0.1 - - [06/Mar/2020:08:57:38 +0000] "GET /app/plugins/advanced-custom-fields-pro/assets/font/acf.woff2?57601716 HTTP/1.1" 200 4160 "http://dev.vuetify.cms/app/plugins/advanced-custom-fields-pro/assets/css/acf-global.css?ver=5.8.7" "Mozilla/5.0 (Macintosh; Intel Mac OS X 10_15_2) AppleWebKit/537.36 (KHTML, like Gecko) Chrome/80.0.3987.122 Safari/537.36"
172.18.0.1 - - [06/Mar/2020:08:57:38 +0000] "GET /favicon.ico HTTP/1.1" 200 5 "http://dev.vuetify.cms/wp/wp-admin/edit.php?post_type=acf-field-group" "Mozilla/5.0 (Macintosh; Intel Mac OS X 10_15_2) AppleWebKit/537.36 (KHTML, like Gecko) Chrome/80.0.3987.122 Safari/537.36"
172.18.0.1 - - [06/Mar/2020:08:57:39 +0000] "POST /wp/wp-admin/admin-ajax.php?_fs_blog_admin=true HTTP/1.1" 200 58 "http://dev.vuetify.cms/wp/wp-admin/edit.php?post_type=acf-field-group" "Mozilla/5.0 (Macintosh; Intel Mac OS X 10_15_2) AppleWebKit/537.36 (KHTML, like Gecko) Chrome/80.0.3987.122 Safari/537.36"
172.18.0.1 - - [06/Mar/2020:08:57:45 +0000] "GET /wp/wp-admin/themes.php HTTP/1.1" 200 22383 "http://dev.vuetify.cms/wp/wp-admin/edit.php?post_type=acf-field-group" "Mozilla/5.0 (Macintosh; Intel Mac OS X 10_15_2) AppleWebKit/537.36 (KHTML, like Gecko) Chrome/80.0.3987.122 Safari/537.36"
172.18.0.1 - - [06/Mar/2020:08:57:45 +0000] "GET /app/themes/vue-wordpress/screenshot.png HTTP/1.1" 200 158872 "http://dev.vuetify.cms/wp/wp-admin/themes.php" "Mozilla/5.0 (Macintosh; Intel Mac OS X 10_15_2) AppleWebKit/537.36 (KHTML, like Gecko) Chrome/80.0.3987.122 Safari/537.36"
172.18.0.1 - - [06/Mar/2020:08:57:45 +0000] "GET /app/themes/cs-indotrek-com/screenshot.png HTTP/1.1" 200 122845 "http://dev.vuetify.cms/wp/wp-admin/themes.php" "Mozilla/5.0 (Macintosh; Intel Mac OS X 10_15_2) AppleWebKit/537.36 (KHTML, like Gecko) Chrome/80.0.3987.122 Safari/537.36"
172.18.0.1 - - [06/Mar/2020:08:57:45 +0000] "GET /wp/wp-includes/js/customize-base.js?ver=5.3.2 HTTP/1.1" 200 25686 "http://dev.vuetify.cms/wp/wp-admin/themes.php" "Mozilla/5.0 (Macintosh; Intel Mac OS X 10_15_2) AppleWebKit/537.36 (KHTML, like Gecko) Chrome/80.0.3987.122 Safari/537.36"
172.18.0.1 - - [06/Mar/2020:08:57:45 +0000] "GET /wp/wp-includes/js/backbone.min.js?ver=1.4.0 HTTP/1.1" 200 23936 "http://dev.vuetify.cms/wp/wp-admin/themes.php" "Mozilla/5.0 (Macintosh; Intel Mac OS X 10_15_2) AppleWebKit/537.36 (KHTML, like Gecko) Chrome/80.0.3987.122 Safari/537.36"
172.18.0.1 - - [06/Mar/2020:08:57:45 +0000] "GET /wp/wp-includes/js/wp-backbone.js?ver=5.3.2 HTTP/1.1" 200 15242 "http://dev.vuetify.cms/wp/wp-admin/themes.php" "Mozilla/5.0 (Macintosh; Intel Mac OS X 10_15_2) AppleWebKit/537.36 (KHTML, like Gecko) Chrome/80.0.3987.122 Safari/537.36"
172.18.0.1 - - [06/Mar/2020:08:57:45 +0000] "GET /wp/wp-content/themes/twentyfourteen/screenshot.png HTTP/1.1" 200 933301 "http://dev.vuetify.cms/wp/wp-admin/themes.php" "Mozilla/5.0 (Macintosh; Intel Mac OS X 10_15_2) AppleWebKit/537.36 (KHTML, like Gecko) Chrome/80.0.3987.122 Safari/537.36"
172.18.0.1 - - [06/Mar/2020:08:57:45 +0000] "GET /wp/wp-admin/js/theme.js?ver=5.3.2 HTTP/1.1" 200 54434 "http://dev.vuetify.cms/wp/wp-admin/themes.php" "Mozilla/5.0 (Macintosh; Intel Mac OS X 10_15_2) AppleWebKit/537.36 (KHTML, like Gecko) Chrome/80.0.3987.122 Safari/537.36"
172.18.0.1 - - [06/Mar/2020:08:57:45 +0000] "GET /wp/wp-content/themes/twentynineteen/screenshot.png HTTP/1.1" 200 175535 "http://dev.vuetify.cms/wp/wp-admin/themes.php" "Mozilla/5.0 (Macintosh; Intel Mac OS X 10_15_2) AppleWebKit/537.36 (KHTML, like Gecko) Chrome/80.0.3987.122 Safari/537.36"
172.18.0.1 - - [06/Mar/2020:08:57:45 +0000] "GET /wp/wp-content/themes/twentyseventeen/screenshot.png HTTP/1.1" 200 363833 "http://dev.vuetify.cms/wp/wp-admin/themes.php" "Mozilla/5.0 (Macintosh; Intel Mac OS X 10_15_2) AppleWebKit/537.36 (KHTML, like Gecko) Chrome/80.0.3987.122 Safari/537.36"
172.18.0.1 - - [06/Mar/2020:08:57:45 +0000] "GET /wp/wp-content/themes/twentyeleven/screenshot.png HTTP/1.1" 200 423133 "http://dev.vuetify.cms/wp/wp-admin/themes.php" "Mozilla/5.0 (Macintosh; Intel Mac OS X 10_15_2) AppleWebKit/537.36 (KHTML, like Gecko) Chrome/80.0.3987.122 Safari/537.36"
172.18.0.1 - - [06/Mar/2020:08:57:45 +0000] "GET /wp/wp-content/themes/twentyfifteen/screenshot.png HTTP/1.1" 200 576231 "http://dev.vuetify.cms/wp/wp-admin/themes.php" "Mozilla/5.0 (Macintosh; Intel Mac OS X 10_15_2) AppleWebKit/537.36 (KHTML, like Gecko) Chrome/80.0.3987.122 Safari/537.36"
172.18.0.1 - - [06/Mar/2020:08:57:45 +0000] "GET /wp/wp-content/themes/twentysixteen/screenshot.png HTTP/1.1" 200 463555 "http://dev.vuetify.cms/wp/wp-admin/themes.php" "Mozilla/5.0 (Macintosh; Intel Mac OS X 10_15_2) AppleWebKit/537.36 (KHTML, like Gecko) Chrome/80.0.3987.122 Safari/537.36"
172.18.0.1 - - [06/Mar/2020:08:57:45 +0000] "GET /wp/wp-content/themes/twentyten/screenshot.png HTTP/1.1" 200 419383 "http://dev.vuetify.cms/wp/wp-admin/themes.php" "Mozilla/5.0 (Macintosh; Intel Mac OS X 10_15_2) AppleWebKit/537.36 (KHTML, like Gecko) Chrome/80.0.3987.122 Safari/537.36"
172.18.0.1 - - [06/Mar/2020:08:57:45 +0000] "GET /wp/wp-content/themes/twentythirteen/screenshot.png HTTP/1.1" 200 175485 "http://dev.vuetify.cms/wp/wp-admin/themes.php" "Mozilla/5.0 (Macintosh; Intel Mac OS X 10_15_2) AppleWebKit/537.36 (KHTML, like Gecko) Chrome/80.0.3987.122 Safari/537.36"
172.18.0.1 - - [06/Mar/2020:08:57:45 +0000] "GET /wp/wp-content/themes/twentytwelve/screenshot.png HTTP/1.1" 200 323498 "http://dev.vuetify.cms/wp/wp-admin/themes.php" "Mozilla/5.0 (Macintosh; Intel Mac OS X 10_15_2) AppleWebKit/537.36 (KHTML, like Gecko) Chrome/80.0.3987.122 Safari/537.36"
172.18.0.1 - - [06/Mar/2020:08:57:45 +0000] "GET /wp/wp-content/themes/twentytwenty/screenshot.png HTTP/1.1" 200 53066 "http://dev.vuetify.cms/wp/wp-admin/themes.php" "Mozilla/5.0 (Macintosh; Intel Mac OS X 10_15_2) AppleWebKit/537.36 (KHTML, like Gecko) Chrome/80.0.3987.122 Safari/537.36"
172.18.0.1 - - [06/Mar/2020:08:57:46 +0000] "GET /favicon.ico HTTP/1.1" 200 5 "http://dev.vuetify.cms/wp/wp-admin/themes.php" "Mozilla/5.0 (Macintosh; Intel Mac OS X 10_15_2) AppleWebKit/537.36 (KHTML, like Gecko) Chrome/80.0.3987.122 Safari/537.36"
172.18.0.1 - - [06/Mar/2020:08:57:50 +0000] "GET /wp/wp-admin/themes.php?action=activate&stylesheet=cs-indotrek-com&_wpnonce=031641c736 HTTP/1.1" 302 5 "http://dev.vuetify.cms/wp/wp-admin/themes.php" "Mozilla/5.0 (Macintosh; Intel Mac OS X 10_15_2) AppleWebKit/537.36 (KHTML, like Gecko) Chrome/80.0.3987.122 Safari/537.36"
172.18.0.1 - - [06/Mar/2020:08:57:52 +0000] "GET /wp/wp-admin/themes.php?activated=true HTTP/1.1" 200 22697 "http://dev.vuetify.cms/wp/wp-admin/themes.php" "Mozilla/5.0 (Macintosh; Intel Mac OS X 10_15_2) AppleWebKit/537.36 (KHTML, like Gecko) Chrome/80.0.3987.122 Safari/537.36"
172.18.0.1 - - [06/Mar/2020:08:57:52 +0000] "GET /app/plugins/app/web/app/themes/cs-indotrek-com//bower_components/font-awesome/css/font-awesome.css?ver=5.3.2 HTTP/1.1" 301 5 "http://dev.vuetify.cms/wp/wp-admin/themes.php?activated=true" "Mozilla/5.0 (Macintosh; Intel Mac OS X 10_15_2) AppleWebKit/537.36 (KHTML, like Gecko) Chrome/80.0.3987.122 Safari/537.36"
127.0.0.1 - - [06/Mar/2020:08:57:53 +0000] "POST /wp/wp-cron.php?doing_wp_cron=1583485073.6445350646972656250000 HTTP/1.1" 200 31 "http://dev.vuetify.cms/wp/wp-cron.php?doing_wp_cron=1583485073.6445350646972656250000" "WordPress/5.3.2; http://dev.vuetify.cms"
172.18.0.1 - - [06/Mar/2020:08:57:54 +0000] "GET /app/plugins/app/web/app/themes/cs-indotrek-com/bower_components/font-awesome/css/font-awesome.css?ver=5.3.2 HTTP/1.1" 200 1159 "http://dev.vuetify.cms/wp/wp-admin/themes.php?activated=true" "Mozilla/5.0 (Macintosh; Intel Mac OS X 10_15_2) AppleWebKit/537.36 (KHTML, like Gecko) Chrome/80.0.3987.122 Safari/537.36"
172.18.0.1 - - [06/Mar/2020:08:57:54 +0000] "GET /favicon.ico HTTP/1.1" 200 5 "http://dev.vuetify.cms/wp/wp-admin/themes.php" "Mozilla/5.0 (Macintosh; Intel Mac OS X 10_15_2) AppleWebKit/537.36 (KHTML, like Gecko) Chrome/80.0.3987.122 Safari/537.36"
127.0.0.1 - - [06/Mar/2020:08:58:42 +0000] "POST /wp/wp-cron.php?doing_wp_cron=1583485122.8521790504455566406250 HTTP/1.1" 200 31 "http://dev.vuetify.cms/wp/wp-cron.php?doing_wp_cron=1583485122.8521790504455566406250" "WordPress/5.3.2; http://dev.vuetify.cms"
172.18.0.1 - - [06/Mar/2020:08:58:44 +0000] "GET / HTTP/1.1" 200 24369 "http://dev.vuetify.cms/wp/wp-admin/themes.php" "Mozilla/5.0 (Macintosh; Intel Mac OS X 10_15_2) AppleWebKit/537.36 (KHTML, like Gecko) Chrome/80.0.3987.122 Safari/537.36"
172.18.0.1 - - [06/Mar/2020:08:58:44 +0000] "GET /app/themes/cs-indotrek-com/public/css/vendor.css?ver=1583400219 HTTP/1.1" 200 2073 "http://dev.vuetify.cms/" "Mozilla/5.0 (Macintosh; Intel Mac OS X 10_15_2) AppleWebKit/537.36 (KHTML, like Gecko) Chrome/80.0.3987.122 Safari/537.36"
172.18.0.1 - - [06/Mar/2020:08:58:44 +0000] "GET /app/themes/cs-indotrek-com/public/css/styles.css?ver=1583400219 HTTP/1.1" 200 126047 "http://dev.vuetify.cms/" "Mozilla/5.0 (Macintosh; Intel Mac OS X 10_15_2) AppleWebKit/537.36 (KHTML, like Gecko) Chrome/80.0.3987.122 Safari/537.36"
172.18.0.1 - - [06/Mar/2020:08:58:44 +0000] "GET /app/themes/cs-indotrek-com/public/css/main.css?ver=1583400219 HTTP/1.1" 200 268158 "http://dev.vuetify.cms/" "Mozilla/5.0 (Macintosh; Intel Mac OS X 10_15_2) AppleWebKit/537.36 (KHTML, like Gecko) Chrome/80.0.3987.122 Safari/537.36"
172.18.0.1 - - [06/Mar/2020:08:58:44 +0000] "GET /app/themes/cs-indotrek-com/public/js/styles.js?ver=1583400219 HTTP/1.1" 200 126 "http://dev.vuetify.cms/" "Mozilla/5.0 (Macintosh; Intel Mac OS X 10_15_2) AppleWebKit/537.36 (KHTML, like Gecko) Chrome/80.0.3987.122 Safari/537.36"
172.18.0.1 - - [06/Mar/2020:08:58:45 +0000] "GET /app/themes/cs-indotrek-com/public/js/main.js?ver=1583400219 HTTP/1.1" 200 103228 "http://dev.vuetify.cms/" "Mozilla/5.0 (Macintosh; Intel Mac OS X 10_15_2) AppleWebKit/537.36 (KHTML, like Gecko) Chrome/80.0.3987.122 Safari/537.36"
172.18.0.1 - - [06/Mar/2020:08:58:45 +0000] "GET /app/themes/cs-indotrek-com/public/js/vendor.js?ver=1583400219 HTTP/1.1" 200 1906414 "http://dev.vuetify.cms/" "Mozilla/5.0 (Macintosh; Intel Mac OS X 10_15_2) AppleWebKit/537.36 (KHTML, like Gecko) Chrome/80.0.3987.122 Safari/537.36"
172.18.0.1 - - [06/Mar/2020:08:58:45 +0000] "GET /app/themes/cs-indotrek-com/public/img/section-divider.svg HTTP/1.1" 200 1145 "http://dev.vuetify.cms/" "Mozilla/5.0 (Macintosh; Intel Mac OS X 10_15_2) AppleWebKit/537.36 (KHTML, like Gecko) Chrome/80.0.3987.122 Safari/537.36"
172.18.0.1 - - [06/Mar/2020:08:58:45 +0000] "GET /app/uploads/2020/02/man-bicycle.png HTTP/1.1" 200 73614 "http://dev.vuetify.cms/" "Mozilla/5.0 (Macintosh; Intel Mac OS X 10_15_2) AppleWebKit/537.36 (KHTML, like Gecko) Chrome/80.0.3987.122 Safari/537.36"
172.18.0.1 - - [06/Mar/2020:08:58:45 +0000] "GET /app/uploads/2020/02/mobile-man-bicycle.png HTTP/1.1" 200 46957 "http://dev.vuetify.cms/" "Mozilla/5.0 (Macintosh; Intel Mac OS X 10_15_2) AppleWebKit/537.36 (KHTML, like Gecko) Chrome/80.0.3987.122 Safari/537.36"
172.18.0.1 - - [06/Mar/2020:08:58:45 +0000] "GET /app/uploads/2020/02/home-contact-bg-scaled-1920x768.jpg HTTP/1.1" 200 77807 "http://dev.vuetify.cms/" "Mozilla/5.0 (Macintosh; Intel Mac OS X 10_15_2) AppleWebKit/537.36 (KHTML, like Gecko) Chrome/80.0.3987.122 Safari/537.36"
172.18.0.1 - - [06/Mar/2020:08:58:45 +0000] "GET /app/uploads/2020/02/Homepage-Hero-Girl_on_the_mountain-1-1440x768.jpg HTTP/1.1" 200 174735 "http://dev.vuetify.cms/" "Mozilla/5.0 (Macintosh; Intel Mac OS X 10_15_2) AppleWebKit/537.36 (KHTML, like Gecko) Chrome/80.0.3987.122 Safari/537.36"
172.18.0.1 - - [06/Mar/2020:08:58:45 +0000] "GET /app/themes/cs-indotrek-com/public/img/hero-skewline.png HTTP/1.1" 200 120800 "http://dev.vuetify.cms/" "Mozilla/5.0 (Macintosh; Intel Mac OS X 10_15_2) AppleWebKit/537.36 (KHTML, like Gecko) Chrome/80.0.3987.122 Safari/537.36"
172.18.0.1 - - [06/Mar/2020:08:58:45 +0000] "GET /app/uploads/2020/02/logo-black.png HTTP/1.1" 200 2633 "http://dev.vuetify.cms/" "Mozilla/5.0 (Macintosh; Intel Mac OS X 10_15_2) AppleWebKit/537.36 (KHTML, like Gecko) Chrome/80.0.3987.122 Safari/537.36"
172.18.0.1 - - [06/Mar/2020:08:58:45 +0000] "GET /app/themes/cs-indotrek-com/public/img/home-tour-bg.jpg HTTP/1.1" 200 403841 "http://dev.vuetify.cms/" "Mozilla/5.0 (Macintosh; Intel Mac OS X 10_15_2) AppleWebKit/537.36 (KHTML, like Gecko) Chrome/80.0.3987.122 Safari/537.36"
172.18.0.1 - - [06/Mar/2020:08:58:46 +0000] "GET /app/uploads/2020/02/logo-white.png HTTP/1.1" 200 2386 "http://dev.vuetify.cms/" "Mozilla/5.0 (Macintosh; Intel Mac OS X 10_15_2) AppleWebKit/537.36 (KHTML, like Gecko) Chrome/80.0.3987.122 Safari/537.36"
172.18.0.1 - - [06/Mar/2020:08:58:47 +0000] "GET /img/section-divider.svg HTTP/1.1" 200 1159 "http://dev.vuetify.cms/" "Mozilla/5.0 (Macintosh; Intel Mac OS X 10_15_2) AppleWebKit/537.36 (KHTML, like Gecko) Chrome/80.0.3987.122 Safari/537.36"
172.18.0.1 - - [06/Mar/2020:08:58:48 +0000] "POST /?wc-ajax=get_refreshed_fragments HTTP/1.1" 200 221 "http://dev.vuetify.cms/" "Mozilla/5.0 (Macintosh; Intel Mac OS X 10_15_2) AppleWebKit/537.36 (KHTML, like Gecko) Chrome/80.0.3987.122 Safari/537.36"
172.18.0.1 - - [06/Mar/2020:08:58:49 +0000] "GET / HTTP/1.1" 200 24369 "http://dev.vuetify.cms/" "Mozilla/5.0 (Macintosh; Intel Mac OS X 10_15_2) AppleWebKit/537.36 (KHTML, like Gecko) Chrome/80.0.3987.122 Safari/537.36"
172.18.0.1 - - [06/Mar/2020:08:58:49 +0000] "GET /app/themes/cs-indotrek-com/public/img/favicon/favicon-32x32.png HTTP/1.1" 200 1692 "http://dev.vuetify.cms/" "Mozilla/5.0 (Macintosh; Intel Mac OS X 10_15_2) AppleWebKit/537.36 (KHTML, like Gecko) Chrome/80.0.3987.122 Safari/537.36"
127.0.0.1 - - [06/Mar/2020:08:58:56 +0000] "POST /wp/wp-cron.php?doing_wp_cron=1583485136.2566928863525390625000 HTTP/1.1" 200 31 "http://dev.vuetify.cms/wp/wp-cron.php?doing_wp_cron=1583485136.2566928863525390625000" "WordPress/5.3.2; http://dev.vuetify.cms"
172.18.0.1 - - [06/Mar/2020:08:58:56 +0000] "POST /wp/wp-admin/admin-ajax.php?_fs_blog_admin=true HTTP/1.1" 200 58 "http://dev.vuetify.cms/wp/wp-admin/themes.php" "Mozilla/5.0 (Macintosh; Intel Mac OS X 10_15_2) AppleWebKit/537.36 (KHTML, like Gecko) Chrome/80.0.3987.122 Safari/537.36"
127.0.0.1 - - [06/Mar/2020:08:59:37 +0000] "POST /wp/wp-cron.php?doing_wp_cron=1583485177.9142410755157470703125 HTTP/1.1" 200 31 "http://dev.vuetify.cms/wp/wp-cron.php?doing_wp_cron=1583485177.9142410755157470703125" "WordPress/5.3.2; http://dev.vuetify.cms"
172.18.0.1 - - [06/Mar/2020:08:59:39 +0000] "GET / HTTP/1.1" 200 24371 "http://dev.vuetify.cms/wp/wp-admin/themes.php" "Mozilla/5.0 (Macintosh; Intel Mac OS X 10_15_2) AppleWebKit/537.36 (KHTML, like Gecko) Chrome/80.0.3987.122 Safari/537.36"
172.18.0.1 - - [06/Mar/2020:08:59:41 +0000] "GET /img/section-divider.svg HTTP/1.1" 200 1159 "http://dev.vuetify.cms/" "Mozilla/5.0 (Macintosh; Intel Mac OS X 10_15_2) AppleWebKit/537.36 (KHTML, like Gecko) Chrome/80.0.3987.122 Safari/537.36"
172.18.0.1 - - [06/Mar/2020:08:59:41 +0000] "POST /?wc-ajax=get_refreshed_fragments HTTP/1.1" 200 221 "http://dev.vuetify.cms/" "Mozilla/5.0 (Macintosh; Intel Mac OS X 10_15_2) AppleWebKit/537.36 (KHTML, like Gecko) Chrome/80.0.3987.122 Safari/537.36"
172.18.0.1 - - [06/Mar/2020:08:59:42 +0000] "GET / HTTP/1.1" 200 24370 "http://dev.vuetify.cms/" "Mozilla/5.0 (Macintosh; Intel Mac OS X 10_15_2) AppleWebKit/537.36 (KHTML, like Gecko) Chrome/80.0.3987.122 Safari/537.36"
172.18.0.1 - - [06/Mar/2020:08:59:48 +0000] "GET /app/uploads/2020/02/destination-3.jpg HTTP/1.1" 200 155759 "http://dev.vuetify.cms/" "Mozilla/5.0 (Macintosh; Intel Mac OS X 10_15_2) AppleWebKit/537.36 (KHTML, like Gecko) Chrome/80.0.3987.122 Safari/537.36"
172.18.0.1 - - [06/Mar/2020:08:59:48 +0000] "GET /app/uploads/2020/02/Cycling.svg HTTP/1.1" 200 2119 "http://dev.vuetify.cms/" "Mozilla/5.0 (Macintosh; Intel Mac OS X 10_15_2) AppleWebKit/537.36 (KHTML, like Gecko) Chrome/80.0.3987.122 Safari/537.36"
172.18.0.1 - - [06/Mar/2020:08:59:48 +0000] "GET /app/uploads/2020/02/Trekking.svg HTTP/1.1" 200 2674 "http://dev.vuetify.cms/" "Mozilla/5.0 (Macintosh; Intel Mac OS X 10_15_2) AppleWebKit/537.36 (KHTML, like Gecko) Chrome/80.0.3987.122 Safari/537.36"
172.18.0.1 - - [06/Mar/2020:08:59:48 +0000] "GET /app/uploads/2020/02/tour-listing.jpg HTTP/1.1" 200 1425327 "http://dev.vuetify.cms/" "Mozilla/5.0 (Macintosh; Intel Mac OS X 10_15_2) AppleWebKit/537.36 (KHTML, like Gecko) Chrome/80.0.3987.122 Safari/537.36"
172.18.0.1 - - [06/Mar/2020:08:59:48 +0000] "GET /app/uploads/2020/02/Immersive-Thailand-3.png HTTP/1.1" 200 838708 "http://dev.vuetify.cms/" "Mozilla/5.0 (Macintosh; Intel Mac OS X 10_15_2) AppleWebKit/537.36 (KHTML, like Gecko) Chrome/80.0.3987.122 Safari/537.36"
172.18.0.1 - - [06/Mar/2020:08:59:52 +0000] "GET / HTTP/1.1" 200 24370 "-" "Mozilla/5.0 (Macintosh; Intel Mac OS X 10_15_2) AppleWebKit/537.36 (KHTML, like Gecko) Chrome/80.0.3987.122 Safari/537.36"
172.18.0.1 - - [06/Mar/2020:08:59:52 +0000] "GET /favicon.ico HTTP/1.1" 200 5 "http://dev.vuetify.cms/" "Mozilla/5.0 (Macintosh; Intel Mac OS X 10_15_2) AppleWebKit/537.36 (KHTML, like Gecko) Chrome/80.0.3987.122 Safari/537.36"
127.0.0.1 - - [06/Mar/2020:08:59:56 +0000] "POST /wp/wp-cron.php?doing_wp_cron=1583485196.4458360671997070312500 HTTP/1.1" 200 31 "http://dev.vuetify.cms/wp/wp-cron.php?doing_wp_cron=1583485196.4458360671997070312500" "WordPress/5.3.2; http://dev.vuetify.cms"
172.18.0.1 - - [06/Mar/2020:08:59:56 +0000] "POST /wp/wp-admin/admin-ajax.php?_fs_blog_admin=true HTTP/1.1" 200 58 "http://dev.vuetify.cms/wp/wp-admin/themes.php" "Mozilla/5.0 (Macintosh; Intel Mac OS X 10_15_2) AppleWebKit/537.36 (KHTML, like Gecko) Chrome/80.0.3987.122 Safari/537.36"
127.0.0.1 - - [06/Mar/2020:09:00:33 +0000] "POST /wp/wp-cron.php?doing_wp_cron=1583485233.4793019294738769531250 HTTP/1.1" 200 31 "http://dev.vuetify.cms/wp/wp-cron.php?doing_wp_cron=1583485233.4793019294738769531250" "WordPress/5.3.2; http://dev.vuetify.cms"
172.18.0.1 - - [06/Mar/2020:09:00:34 +0000] "GET / HTTP/1.1" 200 24370 "http://dev.vuetify.cms/wp/wp-admin/themes.php" "Mozilla/5.0 (Macintosh; Intel Mac OS X 10_15_2) AppleWebKit/537.36 (KHTML, like Gecko) Chrome/80.0.3987.122 Safari/537.36"
172.18.0.1 - - [06/Mar/2020:09:00:36 +0000] "GET /img/section-divider.svg HTTP/1.1" 200 1159 "http://dev.vuetify.cms/" "Mozilla/5.0 (Macintosh; Intel Mac OS X 10_15_2) AppleWebKit/537.36 (KHTML, like Gecko) Chrome/80.0.3987.122 Safari/537.36"
172.18.0.1 - - [06/Mar/2020:09:00:37 +0000] "GET / HTTP/1.1" 200 24368 "http://dev.vuetify.cms/" "Mozilla/5.0 (Macintosh; Intel Mac OS X 10_15_2) AppleWebKit/537.36 (KHTML, like Gecko) Chrome/80.0.3987.122 Safari/537.36"
172.18.0.1 - - [06/Mar/2020:09:00:37 +0000] "GET /app/themes/cs-indotrek-com/public/img/favicon/favicon-32x32.png HTTP/1.1" 200 1692 "http://dev.vuetify.cms/" "Mozilla/5.0 (Macintosh; Intel Mac OS X 10_15_2) AppleWebKit/537.36 (KHTML, like Gecko) Chrome/80.0.3987.122 Safari/537.36"
127.0.0.1 - - [06/Mar/2020:09:01:58 +0000] "POST /wp/wp-cron.php?doing_wp_cron=1583485318.8811740875244140625000 HTTP/1.1" 200 31 "http://dev.vuetify.cms/wp/wp-cron.php?doing_wp_cron=1583485318.8811740875244140625000" "WordPress/5.3.2; http://dev.vuetify.cms"
172.18.0.1 - - [06/Mar/2020:09:01:59 +0000] "POST /wp/wp-admin/admin-ajax.php?_fs_blog_admin=true HTTP/1.1" 200 58 "http://dev.vuetify.cms/wp/wp-admin/themes.php" "Mozilla/5.0 (Macintosh; Intel Mac OS X 10_15_2) AppleWebKit/537.36 (KHTML, like Gecko) Chrome/80.0.3987.122 Safari/537.36"
172.18.0.1 - - [06/Mar/2020:09:02:03 +0000] "GET /app/uploads/2020/02/destination-3.jpg HTTP/1.1" 200 155759 "http://dev.vuetify.cms/" "Mozilla/5.0 (Macintosh; Intel Mac OS X 10_15_2) AppleWebKit/537.36 (KHTML, like Gecko) Chrome/80.0.3987.122 Safari/537.36"
172.18.0.1 - - [06/Mar/2020:09:02:03 +0000] "GET /app/uploads/2020/02/destination-3.jpg HTTP/1.1" 200 155759 "http://dev.vuetify.cms/" "Mozilla/5.0 (Macintosh; Intel Mac OS X 10_15_2) AppleWebKit/537.36 (KHTML, like Gecko) Chrome/80.0.3987.122 Safari/537.36"
172.18.0.1 - - [06/Mar/2020:09:02:07 +0000] "GET / HTTP/1.1" 200 24370 "http://dev.vuetify.cms/wp/wp-admin/themes.php" "Mozilla/5.0 (Macintosh; Intel Mac OS X 10_15_2) AppleWebKit/537.36 (KHTML, like Gecko) Chrome/80.0.3987.122 Safari/537.36"
172.18.0.1 - - [06/Mar/2020:09:02:07 +0000] "GET /wp/wp-includes/css/dashicons.css?ver=5.3.2 HTTP/1.1" 200 50341 "http://dev.vuetify.cms/" "Mozilla/5.0 (Macintosh; Intel Mac OS X 10_15_2) AppleWebKit/537.36 (KHTML, like Gecko) Chrome/80.0.3987.122 Safari/537.36"
172.18.0.1 - - [06/Mar/2020:09:02:07 +0000] "GET /app/plugins/woocommerce/assets/css/woocommerce-layout.css?ver=3.9.1 HTTP/1.1" 200 17639 "http://dev.vuetify.cms/" "Mozilla/5.0 (Macintosh; Intel Mac OS X 10_15_2) AppleWebKit/537.36 (KHTML, like Gecko) Chrome/80.0.3987.122 Safari/537.36"
172.18.0.1 - - [06/Mar/2020:09:02:07 +0000] "GET /wp/wp-includes/css/admin-bar.css?ver=5.3.2 HTTP/1.1" 200 26136 "http://dev.vuetify.cms/" "Mozilla/5.0 (Macintosh; Intel Mac OS X 10_15_2) AppleWebKit/537.36 (KHTML, like Gecko) Chrome/80.0.3987.122 Safari/537.36"
172.18.0.1 - - [06/Mar/2020:09:02:07 +0000] "GET /app/themes/cs-indotrek-com/public/css/vendor.css?ver=1583400219 HTTP/1.1" 200 2073 "http://dev.vuetify.cms/" "Mozilla/5.0 (Macintosh; Intel Mac OS X 10_15_2) AppleWebKit/537.36 (KHTML, like Gecko) Chrome/80.0.3987.122 Safari/537.36"
172.18.0.1 - - [06/Mar/2020:09:02:07 +0000] "GET /wp/wp-includes/css/dist/block-library/style.css?ver=5.3.2 HTTP/1.1" 200 50287 "http://dev.vuetify.cms/" "Mozilla/5.0 (Macintosh; Intel Mac OS X 10_15_2) AppleWebKit/537.36 (KHTML, like Gecko) Chrome/80.0.3987.122 Safari/537.36"
172.18.0.1 - - [06/Mar/2020:09:02:07 +0000] "GET /app/themes/cs-indotrek-com/public/css/styles.css?ver=1583400219 HTTP/1.1" 200 126047 "http://dev.vuetify.cms/" "Mozilla/5.0 (Macintosh; Intel Mac OS X 10_15_2) AppleWebKit/537.36 (KHTML, like Gecko) Chrome/80.0.3987.122 Safari/537.36"
172.18.0.1 - - [06/Mar/2020:09:02:07 +0000] "GET /app/plugins/woocommerce/packages/woocommerce-blocks/build/style.css?ver=1583400216 HTTP/1.1" 200 65142 "http://dev.vuetify.cms/" "Mozilla/5.0 (Macintosh; Intel Mac OS X 10_15_2) AppleWebKit/537.36 (KHTML, like Gecko) Chrome/80.0.3987.122 Safari/537.36"
172.18.0.1 - - [06/Mar/2020:09:02:07 +0000] "GET /app/themes/cs-indotrek-com/public/css/main.css?ver=1583400219 HTTP/1.1" 200 268158 "http://dev.vuetify.cms/" "Mozilla/5.0 (Macintosh; Intel Mac OS X 10_15_2) AppleWebKit/537.36 (KHTML, like Gecko) Chrome/80.0.3987.122 Safari/537.36"
172.18.0.1 - - [06/Mar/2020:09:02:07 +0000] "GET /app/plugins/woocommerce/assets/css/woocommerce.css?ver=3.9.1 HTTP/1.1" 200 62669 "http://dev.vuetify.cms/" "Mozilla/5.0 (Macintosh; Intel Mac OS X 10_15_2) AppleWebKit/537.36 (KHTML, like Gecko) Chrome/80.0.3987.122 Safari/537.36"
172.18.0.1 - - [06/Mar/2020:09:02:07 +0000] "GET /app/plugins/yith-woocommerce-booking-premium/assets/css/fields.css?ver=2.1.11 HTTP/1.1" 200 891 "http://dev.vuetify.cms/" "Mozilla/5.0 (Macintosh; Intel Mac OS X 10_15_2) AppleWebKit/537.36 (KHTML, like Gecko) Chrome/80.0.3987.122 Safari/537.36"
172.18.0.1 - - [06/Mar/2020:09:02:07 +0000] "GET /app/plugins/yith-woocommerce-booking-premium/assets/css/date-range-picker.css?ver=2.1.11 HTTP/1.1" 200 3268 "http://dev.vuetify.cms/" "Mozilla/5.0 (Macintosh; Intel Mac OS X 10_15_2) AppleWebKit/537.36 (KHTML, like Gecko) Chrome/80.0.3987.122 Safari/537.36"
172.18.0.1 - - [06/Mar/2020:09:02:07 +0000] "GET /app/plugins/yith-woocommerce-booking-premium/assets/css/frontend/frontend.css?ver=2.1.11 HTTP/1.1" 200 9545 "http://dev.vuetify.cms/" "Mozilla/5.0 (Macintosh; Intel Mac OS X 10_15_2) AppleWebKit/537.36 (KHTML, like Gecko) Chrome/80.0.3987.122 Safari/537.36"
172.18.0.1 - - [06/Mar/2020:09:02:07 +0000] "GET /app/plugins/yith-woocommerce-booking-premium/assets/css/frontend/popup.css?ver=2.1.11 HTTP/1.1" 200 2692 "http://dev.vuetify.cms/" "Mozilla/5.0 (Macintosh; Intel Mac OS X 10_15_2) AppleWebKit/537.36 (KHTML, like Gecko) Chrome/80.0.3987.122 Safari/537.36"
172.18.0.1 - - [06/Mar/2020:09:02:07 +0000] "GET /app/plugins/admin-bar-button/css/abb-front.css?scope=admin-bar-button&ver=5.3.2 HTTP/1.1" 200 1891 "http://dev.vuetify.cms/" "Mozilla/5.0 (Macintosh; Intel Mac OS X 10_15_2) AppleWebKit/537.36 (KHTML, like Gecko) Chrome/80.0.3987.122 Safari/537.36"
172.18.0.1 - - [06/Mar/2020:09:02:07 +0000] "GET /app/plugins/yith-woocommerce-booking-premium/assets/css/frontend/booking-search-form.css?ver=2.1.11 HTTP/1.1" 200 13487 "http://dev.vuetify.cms/" "Mozilla/5.0 (Macintosh; Intel Mac OS X 10_15_2) AppleWebKit/537.36 (KHTML, like Gecko) Chrome/80.0.3987.122 Safari/537.36"
172.18.0.1 - - [06/Mar/2020:09:02:07 +0000] "GET /app/plugins/yith-woocommerce-booking-premium/assets/css/simple-style.css?ver=2.1.11 HTTP/1.1" 200 12014 "http://dev.vuetify.cms/" "Mozilla/5.0 (Macintosh; Intel Mac OS X 10_15_2) AppleWebKit/537.36 (KHTML, like Gecko) Chrome/80.0.3987.122 Safari/537.36"
172.18.0.1 - - [06/Mar/2020:09:02:07 +0000] "GET /app/plugins/woocommerce/assets/css/select2.css?ver=3.9.1 HTTP/1.1" 200 15314 "http://dev.vuetify.cms/" "Mozilla/5.0 (Macintosh; Intel Mac OS X 10_15_2) AppleWebKit/537.36 (KHTML, like Gecko) Chrome/80.0.3987.122 Safari/537.36"
172.18.0.1 - - [06/Mar/2020:09:02:07 +0000] "GET /app/plugins/duplicate-post/duplicate-post.css?ver=3.2.4 HTTP/1.1" 200 1296 "http://dev.vuetify.cms/" "Mozilla/5.0 (Macintosh; Intel Mac OS X 10_15_2) AppleWebKit/537.36 (KHTML, like Gecko) Chrome/80.0.3987.122 Safari/537.36"
172.18.0.1 - - [06/Mar/2020:09:02:07 +0000] "GET /wp/wp-includes/js/jquery/ui/widget.min.js?ver=1.11.4 HTTP/1.1" 200 6838 "http://dev.vuetify.cms/" "Mozilla/5.0 (Macintosh; Intel Mac OS X 10_15_2) AppleWebKit/537.36 (KHTML, like Gecko) Chrome/80.0.3987.122 Safari/537.36"
172.18.0.1 - - [06/Mar/2020:09:02:07 +0000] "GET /app/plugins/yith-woocommerce-booking-premium/assets/css/people-selector.css?ver=2.1.11 HTTP/1.1" 200 3272 "http://dev.vuetify.cms/" "Mozilla/5.0 (Macintosh; Intel Mac OS X 10_15_2) AppleWebKit/537.36 (KHTML, like Gecko) Chrome/80.0.3987.122 Safari/537.36"
172.18.0.1 - - [06/Mar/2020:09:02:07 +0000] "GET /wp/wp-includes/js/jquery/ui/effect-slide.min.js?ver=1.11.4 HTTP/1.1" 200 961 "http://dev.vuetify.cms/" "Mozilla/5.0 (Macintosh; Intel Mac OS X 10_15_2) AppleWebKit/537.36 (KHTML, like Gecko) Chrome/80.0.3987.122 Safari/537.36"
172.18.0.1 - - [06/Mar/2020:09:02:07 +0000] "GET /app/plugins/yith-woocommerce-booking-premium/assets/css/booking-form.css?ver=2.1.11 HTTP/1.1" 200 8873 "http://dev.vuetify.cms/" "Mozilla/5.0 (Macintosh; Intel Mac OS X 10_15_2) AppleWebKit/537.36 (KHTML, like Gecko) Chrome/80.0.3987.122 Safari/537.36"
172.18.0.1 - - [06/Mar/2020:09:02:07 +0000] "GET /app/plugins/yith-woocommerce-booking-premium/assets/css/datepicker.css?ver=2.1.11 HTTP/1.1" 200 9436 "http://dev.vuetify.cms/" "Mozilla/5.0 (Macintosh; Intel Mac OS X 10_15_2) AppleWebKit/537.36 (KHTML, like Gecko) Chrome/80.0.3987.122 Safari/537.36"
172.18.0.1 - - [06/Mar/2020:09:02:07 +0000] "GET /app/plugins/admin-bar-button/js/abb-front.js?scope=admin-bar-button&ver=5.3.2 HTTP/1.1" 200 9641 "http://dev.vuetify.cms/" "Mozilla/5.0 (Macintosh; Intel Mac OS X 10_15_2) AppleWebKit/537.36 (KHTML, like Gecko) Chrome/80.0.3987.122 Safari/537.36"
172.18.0.1 - - [06/Mar/2020:09:02:07 +0000] "GET /app/themes/cs-indotrek-com/public/img/section-divider.svg HTTP/1.1" 200 1145 "http://dev.vuetify.cms/" "Mozilla/5.0 (Macintosh; Intel Mac OS X 10_15_2) AppleWebKit/537.36 (KHTML, like Gecko) Chrome/80.0.3987.122 Safari/537.36"
172.18.0.1 - - [06/Mar/2020:09:02:07 +0000] "GET /wp/wp-includes/js/jquery/ui/effect.min.js?ver=1.11.4 HTTP/1.1" 200 13266 "http://dev.vuetify.cms/" "Mozilla/5.0 (Macintosh; Intel Mac OS X 10_15_2) AppleWebKit/537.36 (KHTML, like Gecko) Chrome/80.0.3987.122 Safari/537.36"
172.18.0.1 - - [06/Mar/2020:09:02:07 +0000] "GET /app/uploads/2020/02/man-bicycle.png HTTP/1.1" 200 73614 "http://dev.vuetify.cms/" "Mozilla/5.0 (Macintosh; Intel Mac OS X 10_15_2) AppleWebKit/537.36 (KHTML, like Gecko) Chrome/80.0.3987.122 Safari/537.36"
172.18.0.1 - - [06/Mar/2020:09:02:08 +0000] "GET /wp/wp-includes/js/hoverintent-js.min.js?ver=2.2.1 HTTP/1.1" 200 1683 "http://dev.vuetify.cms/" "Mozilla/5.0 (Macintosh; Intel Mac OS X 10_15_2) AppleWebKit/537.36 (KHTML, like Gecko) Chrome/80.0.3987.122 Safari/537.36"
172.18.0.1 - - [06/Mar/2020:09:02:08 +0000] "GET /wp/wp-includes/js/admin-bar.js?ver=5.3.2 HTTP/1.1" 200 11148 "http://dev.vuetify.cms/" "Mozilla/5.0 (Macintosh; Intel Mac OS X 10_15_2) AppleWebKit/537.36 (KHTML, like Gecko) Chrome/80.0.3987.122 Safari/537.36"
172.18.0.1 - - [06/Mar/2020:09:02:08 +0000] "GET /app/plugins/woocommerce/assets/js/jquery-blockui/jquery.blockUI.js?ver=2.70 HTTP/1.1" 200 19971 "http://dev.vuetify.cms/" "Mozilla/5.0 (Macintosh; Intel Mac OS X 10_15_2) AppleWebKit/537.36 (KHTML, like Gecko) Chrome/80.0.3987.122 Safari/537.36"
