172.18.0.1 - - [06/Mar/2020:09:24:28 +0000] "GET /wp/wp-includes/js/jquery/ui/effect-slide.min.js?ver=1.11.4 HTTP/1.1" 200 961 "http://dev.vuetify.cms/" "Mozilla/5.0 (Macintosh; Intel Mac OS X 10_15_2) AppleWebKit/537.36 (KHTML, like Gecko) Chrome/80.0.3987.122 Safari/537.36"
172.18.0.1 - - [06/Mar/2020:09:24:28 +0000] "GET /app/plugins/yith-woocommerce-booking-premium/assets/css/frontend/booking-search-form.css?ver=2.1.11 HTTP/1.1" 200 13487 "http://dev.vuetify.cms/" "Mozilla/5.0 (Macintosh; Intel Mac OS X 10_15_2) AppleWebKit/537.36 (KHTML, like Gecko) Chrome/80.0.3987.122 Safari/537.36"
172.18.0.1 - - [06/Mar/2020:09:24:28 +0000] "GET /app/plugins/woocommerce/assets/css/select2.css?ver=3.9.1 HTTP/1.1" 200 15314 "http://dev.vuetify.cms/" "Mozilla/5.0 (Macintosh; Intel Mac OS X 10_15_2) AppleWebKit/537.36 (KHTML, like Gecko) Chrome/80.0.3987.122 Safari/537.36"
172.18.0.1 - - [06/Mar/2020:09:24:28 +0000] "GET /app/plugins/admin-bar-button/js/abb-front.js?scope=admin-bar-button&ver=5.3.2 HTTP/1.1" 200 9641 "http://dev.vuetify.cms/" "Mozilla/5.0 (Macintosh; Intel Mac OS X 10_15_2) AppleWebKit/537.36 (KHTML, like Gecko) Chrome/80.0.3987.122 Safari/537.36"
172.18.0.1 - - [06/Mar/2020:09:24:28 +0000] "GET /app/plugins/yith-woocommerce-booking-premium/assets/css/datepicker.css?ver=2.1.11 HTTP/1.1" 200 9436 "http://dev.vuetify.cms/" "Mozilla/5.0 (Macintosh; Intel Mac OS X 10_15_2) AppleWebKit/537.36 (KHTML, like Gecko) Chrome/80.0.3987.122 Safari/537.36"
172.18.0.1 - - [06/Mar/2020:09:24:28 +0000] "GET /wp/wp-includes/js/jquery/ui/widget.min.js?ver=1.11.4 HTTP/1.1" 200 6838 "http://dev.vuetify.cms/" "Mozilla/5.0 (Macintosh; Intel Mac OS X 10_15_2) AppleWebKit/537.36 (KHTML, like Gecko) Chrome/80.0.3987.122 Safari/537.36"
172.18.0.1 - - [06/Mar/2020:09:24:28 +0000] "GET /wp/wp-includes/js/jquery/ui/effect.min.js?ver=1.11.4 HTTP/1.1" 200 13266 "http://dev.vuetify.cms/" "Mozilla/5.0 (Macintosh; Intel Mac OS X 10_15_2) AppleWebKit/537.36 (KHTML, like Gecko) Chrome/80.0.3987.122 Safari/537.36"
172.18.0.1 - - [06/Mar/2020:09:24:28 +0000] "GET /wp/wp-includes/js/twemoji.js?ver=5.3.2 HTTP/1.1" 200 27665 "http://dev.vuetify.cms/" "Mozilla/5.0 (Macintosh; Intel Mac OS X 10_15_2) AppleWebKit/537.36 (KHTML, like Gecko) Chrome/80.0.3987.122 Safari/537.36"
172.18.0.1 - - [06/Mar/2020:09:24:28 +0000] "GET /wp/wp-includes/js/wp-emoji.js?ver=5.3.2 HTTP/1.1" 200 8990 "http://dev.vuetify.cms/" "Mozilla/5.0 (Macintosh; Intel Mac OS X 10_15_2) AppleWebKit/537.36 (KHTML, like Gecko) Chrome/80.0.3987.122 Safari/537.36"
172.18.0.1 - - [06/Mar/2020:09:24:28 +0000] "GET /app/plugins/woocommerce/assets/css/woocommerce-smallscreen.css?ver=3.9.1 HTTP/1.1" 200 6758 "http://dev.vuetify.cms/" "Mozilla/5.0 (Macintosh; Intel Mac OS X 10_15_2) AppleWebKit/537.36 (KHTML, like Gecko) Chrome/80.0.3987.122 Safari/537.36"
172.18.0.1 - - [06/Mar/2020:09:24:29 +0000] "GET /app/themes/cs-indotrek-com/public/img/favicon/favicon-32x32.png HTTP/1.1" 200 1692 "http://dev.vuetify.cms/" "Mozilla/5.0 (Macintosh; Intel Mac OS X 10_15_2) AppleWebKit/537.36 (KHTML, like Gecko) Chrome/80.0.3987.122 Safari/537.36"
127.0.0.1 - - [06/Mar/2020:09:27:04 +0000] "POST /wp/wp-cron.php?doing_wp_cron=1583486824.9351100921630859375000 HTTP/1.1" 200 31 "http://dev.vuetify.cms/wp/wp-cron.php?doing_wp_cron=1583486824.9351100921630859375000" "WordPress/5.3.2; http://dev.vuetify.cms"
172.18.0.1 - - [06/Mar/2020:09:27:05 +0000] "GET / HTTP/1.1" 200 11511 "http://dev.vuetify.cms/wp/wp-admin/themes.php" "Mozilla/5.0 (Macintosh; Intel Mac OS X 10_15_2) AppleWebKit/537.36 (KHTML, like Gecko) Chrome/80.0.3987.122 Safari/537.36"
172.18.0.1 - - [06/Mar/2020:09:27:06 +0000] "GET /app/themes/cs-indotrek-com/public/img/favicon/favicon-32x32.png HTTP/1.1" 200 1692 "http://dev.vuetify.cms/" "Mozilla/5.0 (Macintosh; Intel Mac OS X 10_15_2) AppleWebKit/537.36 (KHTML, like Gecko) Chrome/80.0.3987.122 Safari/537.36"
127.0.0.1 - - [06/Mar/2020:09:27:12 +0000] "POST /wp/wp-cron.php?doing_wp_cron=1583486832.5004279613494873046875 HTTP/1.1" 200 31 "http://dev.vuetify.cms/wp/wp-cron.php?doing_wp_cron=1583486832.5004279613494873046875" "WordPress/5.3.2; http://dev.vuetify.cms"
172.18.0.1 - - [06/Mar/2020:09:27:13 +0000] "GET / HTTP/1.1" 200 26901 "http://dev.vuetify.cms/wp/wp-admin/themes.php" "Mozilla/5.0 (Macintosh; Intel Mac OS X 10_15_2) AppleWebKit/537.36 (KHTML, like Gecko) Chrome/80.0.3987.122 Safari/537.36"
172.18.0.1 - - [06/Mar/2020:09:27:14 +0000] "GET /img/section-divider.svg HTTP/1.1" 200 1159 "http://dev.vuetify.cms/" "Mozilla/5.0 (Macintosh; Intel Mac OS X 10_15_2) AppleWebKit/537.36 (KHTML, like Gecko) Chrome/80.0.3987.122 Safari/537.36"
172.18.0.1 - - [06/Mar/2020:09:27:14 +0000] "GET /app/themes/cs-indotrek-com/public/img/favicon/favicon-32x32.png HTTP/1.1" 200 1692 "http://dev.vuetify.cms/" "Mozilla/5.0 (Macintosh; Intel Mac OS X 10_15_2) AppleWebKit/537.36 (KHTML, like Gecko) Chrome/80.0.3987.122 Safari/537.36"
127.0.0.1 - - [06/Mar/2020:09:28:01 +0000] "POST /wp/wp-cron.php?doing_wp_cron=1583486881.8457779884338378906250 HTTP/1.1" 200 31 "http://dev.vuetify.cms/wp/wp-cron.php?doing_wp_cron=1583486881.8457779884338378906250" "WordPress/5.3.2; http://dev.vuetify.cms"
172.18.0.1 - - [06/Mar/2020:09:28:02 +0000] "GET /wp/wp-admin/ HTTP/1.1" 200 24156 "http://dev.vuetify.cms/" "Mozilla/5.0 (Macintosh; Intel Mac OS X 10_15_2) AppleWebKit/537.36 (KHTML, like Gecko) Chrome/80.0.3987.122 Safari/537.36"
172.18.0.1 - - [06/Mar/2020:09:28:03 +0000] "GET /app/plugins/app/web/app/themes/cs-indotrek-com//bower_components/font-awesome/css/font-awesome.css?ver=5.3.2 HTTP/1.1" 301 5 "http://dev.vuetify.cms/wp/wp-admin/" "Mozilla/5.0 (Macintosh; Intel Mac OS X 10_15_2) AppleWebKit/537.36 (KHTML, like Gecko) Chrome/80.0.3987.122 Safari/537.36"
172.18.0.1 - - [06/Mar/2020:09:28:04 +0000] "GET /app/plugins/app/web/app/themes/cs-indotrek-com/bower_components/font-awesome/css/font-awesome.css?ver=5.3.2 HTTP/1.1" 200 1159 "http://dev.vuetify.cms/wp/wp-admin/" "Mozilla/5.0 (Macintosh; Intel Mac OS X 10_15_2) AppleWebKit/537.36 (KHTML, like Gecko) Chrome/80.0.3987.122 Safari/537.36"
172.18.0.1 - - [06/Mar/2020:09:28:06 +0000] "GET /favicon.ico HTTP/1.1" 200 5 "http://dev.vuetify.cms/wp/wp-admin/" "Mozilla/5.0 (Macintosh; Intel Mac OS X 10_15_2) AppleWebKit/537.36 (KHTML, like Gecko) Chrome/80.0.3987.122 Safari/537.36"
127.0.0.1 - - [06/Mar/2020:09:28:10 +0000] "POST /wp/wp-cron.php?doing_wp_cron=1583486890.9216320514678955078125 HTTP/1.1" 200 31 "http://dev.vuetify.cms/wp/wp-cron.php?doing_wp_cron=1583486890.9216320514678955078125" "WordPress/5.3.2; http://dev.vuetify.cms"
172.18.0.1 - - [06/Mar/2020:09:28:11 +0000] "GET /wp/wp-admin/nav-menus.php HTTP/1.1" 200 36343 "http://dev.vuetify.cms/wp/wp-admin/" "Mozilla/5.0 (Macintosh; Intel Mac OS X 10_15_2) AppleWebKit/537.36 (KHTML, like Gecko) Chrome/80.0.3987.122 Safari/537.36"
172.18.0.1 - - [06/Mar/2020:09:28:12 +0000] "GET /app/plugins/advanced-custom-fields-pro/pro/assets/css/acf-pro-input.css?ver=5.8.7 HTTP/1.1" 200 13145 "http://dev.vuetify.cms/wp/wp-admin/nav-menus.php" "Mozilla/5.0 (Macintosh; Intel Mac OS X 10_15_2) AppleWebKit/537.36 (KHTML, like Gecko) Chrome/80.0.3987.122 Safari/537.36"
172.18.0.1 - - [06/Mar/2020:09:28:12 +0000] "GET /app/plugins/advanced-custom-fields-pro/assets/inc/datepicker/jquery-ui.min.css?ver=1.11.4 HTTP/1.1" 200 23474 "http://dev.vuetify.cms/wp/wp-admin/nav-menus.php" "Mozilla/5.0 (Macintosh; Intel Mac OS X 10_15_2) AppleWebKit/537.36 (KHTML, like Gecko) Chrome/80.0.3987.122 Safari/537.36"
172.18.0.1 - - [06/Mar/2020:09:28:12 +0000] "GET /app/plugins/advanced-custom-fields-pro/assets/css/acf-input.css?ver=5.8.7 HTTP/1.1" 200 48035 "http://dev.vuetify.cms/wp/wp-admin/nav-menus.php" "Mozilla/5.0 (Macintosh; Intel Mac OS X 10_15_2) AppleWebKit/537.36 (KHTML, like Gecko) Chrome/80.0.3987.122 Safari/537.36"
172.18.0.1 - - [06/Mar/2020:09:28:12 +0000] "GET /app/plugins/advanced-custom-fields-pro/assets/inc/select2/4/select2.css?ver=4.0 HTTP/1.1" 200 17604 "http://dev.vuetify.cms/wp/wp-admin/nav-menus.php" "Mozilla/5.0 (Macintosh; Intel Mac OS X 10_15_2) AppleWebKit/537.36 (KHTML, like Gecko) Chrome/80.0.3987.122 Safari/537.36"
172.18.0.1 - - [06/Mar/2020:09:28:12 +0000] "GET /app/plugins/advanced-custom-fields-pro/assets/inc/timepicker/jquery-ui-timepicker-addon.min.css?ver=1.6.1 HTTP/1.1" 200 1901 "http://dev.vuetify.cms/wp/wp-admin/nav-menus.php" "Mozilla/5.0 (Macintosh; Intel Mac OS X 10_15_2) AppleWebKit/537.36 (KHTML, like Gecko) Chrome/80.0.3987.122 Safari/537.36"
172.18.0.1 - - [06/Mar/2020:09:28:12 +0000] "GET /wp/wp-admin/css/color-picker.css?ver=5.3.2 HTTP/1.1" 200 3633 "http://dev.vuetify.cms/wp/wp-admin/nav-menus.php" "Mozilla/5.0 (Macintosh; Intel Mac OS X 10_15_2) AppleWebKit/537.36 (KHTML, like Gecko) Chrome/80.0.3987.122 Safari/537.36"
172.18.0.1 - - [06/Mar/2020:09:28:12 +0000] "GET /wp/wp-includes/js/jquery/ui/droppable.min.js?ver=1.11.4 HTTP/1.1" 200 6242 "http://dev.vuetify.cms/wp/wp-admin/nav-menus.php" "Mozilla/5.0 (Macintosh; Intel Mac OS X 10_15_2) AppleWebKit/537.36 (KHTML, like Gecko) Chrome/80.0.3987.122 Safari/537.36"
172.18.0.1 - - [06/Mar/2020:09:28:12 +0000] "GET /wp/wp-admin/js/nav-menu.js?ver=5.3.2 HTTP/1.1" 200 43460 "http://dev.vuetify.cms/wp/wp-admin/nav-menus.php" "Mozilla/5.0 (Macintosh; Intel Mac OS X 10_15_2) AppleWebKit/537.36 (KHTML, like Gecko) Chrome/80.0.3987.122 Safari/537.36"
172.18.0.1 - - [06/Mar/2020:09:28:12 +0000] "GET /app/plugins/advanced-custom-fields-pro/pro/assets/js/acf-pro-input.js?ver=5.8.7 HTTP/1.1" 200 34434 "http://dev.vuetify.cms/wp/wp-admin/nav-menus.php" "Mozilla/5.0 (Macintosh; Intel Mac OS X 10_15_2) AppleWebKit/537.36 (KHTML, like Gecko) Chrome/80.0.3987.122 Safari/537.36"
172.18.0.1 - - [06/Mar/2020:09:28:12 +0000] "GET /app/plugins/woocommerce/assets/js/select2/select2.full.js?ver=4.0.3 HTTP/1.1" 200 161832 "http://dev.vuetify.cms/wp/wp-admin/nav-menus.php" "Mozilla/5.0 (Macintosh; Intel Mac OS X 10_15_2) AppleWebKit/537.36 (KHTML, like Gecko) Chrome/80.0.3987.122 Safari/537.36"
172.18.0.1 - - [06/Mar/2020:09:28:12 +0000] "GET /app/plugins/advanced-custom-fields-pro/assets/inc/timepicker/jquery-ui-timepicker-addon.min.js?ver=1.6.1 HTTP/1.1" 200 41134 "http://dev.vuetify.cms/wp/wp-admin/nav-menus.php" "Mozilla/5.0 (Macintosh; Intel Mac OS X 10_15_2) AppleWebKit/537.36 (KHTML, like Gecko) Chrome/80.0.3987.122 Safari/537.36"
172.18.0.1 - - [06/Mar/2020:09:28:12 +0000] "GET /wp/wp-includes/js/jquery/ui/slider.min.js?ver=1.11.4 HTTP/1.1" 200 10931 "http://dev.vuetify.cms/wp/wp-admin/nav-menus.php" "Mozilla/5.0 (Macintosh; Intel Mac OS X 10_15_2) AppleWebKit/537.36 (KHTML, like Gecko) Chrome/80.0.3987.122 Safari/537.36"
172.18.0.1 - - [06/Mar/2020:09:28:12 +0000] "GET /wp/wp-includes/js/jquery/jquery.ui.touch-punch.js?ver=0.2.2 HTTP/1.1" 200 1179 "http://dev.vuetify.cms/wp/wp-admin/nav-menus.php" "Mozilla/5.0 (Macintosh; Intel Mac OS X 10_15_2) AppleWebKit/537.36 (KHTML, like Gecko) Chrome/80.0.3987.122 Safari/537.36"
172.18.0.1 - - [06/Mar/2020:09:28:12 +0000] "GET /wp/wp-admin/js/iris.min.js?ver=1.0.7 HTTP/1.1" 200 23608 "http://dev.vuetify.cms/wp/wp-admin/nav-menus.php" "Mozilla/5.0 (Macintosh; Intel Mac OS X 10_15_2) AppleWebKit/537.36 (KHTML, like Gecko) Chrome/80.0.3987.122 Safari/537.36"
172.18.0.1 - - [06/Mar/2020:09:28:12 +0000] "GET /wp/wp-admin/js/color-picker.js?ver=5.3.2 HTTP/1.1" 200 9823 "http://dev.vuetify.cms/wp/wp-admin/nav-menus.php" "Mozilla/5.0 (Macintosh; Intel Mac OS X 10_15_2) AppleWebKit/537.36 (KHTML, like Gecko) Chrome/80.0.3987.122 Safari/537.36"
172.18.0.1 - - [06/Mar/2020:09:28:12 +0000] "GET /wp/wp-admin/js/accordion.js?ver=5.3.2 HTTP/1.1" 200 2953 "http://dev.vuetify.cms/wp/wp-admin/nav-menus.php" "Mozilla/5.0 (Macintosh; Intel Mac OS X 10_15_2) AppleWebKit/537.36 (KHTML, like Gecko) Chrome/80.0.3987.122 Safari/537.36"
172.18.0.1 - - [06/Mar/2020:09:28:13 +0000] "GET /app/plugins/app/web/app/themes/cs-indotrek-com//bower_components/font-awesome/css/font-awesome.css?ver=5.3.2 HTTP/1.1" 301 5 "http://dev.vuetify.cms/wp/wp-admin/nav-menus.php" "Mozilla/5.0 (Macintosh; Intel Mac OS X 10_15_2) AppleWebKit/537.36 (KHTML, like Gecko) Chrome/80.0.3987.122 Safari/537.36"
172.18.0.1 - - [06/Mar/2020:09:28:13 +0000] "GET /app/plugins/app/web/app/themes/cs-indotrek-com/bower_components/font-awesome/css/font-awesome.css?ver=5.3.2 HTTP/1.1" 200 1159 "http://dev.vuetify.cms/wp/wp-admin/nav-menus.php" "Mozilla/5.0 (Macintosh; Intel Mac OS X 10_15_2) AppleWebKit/537.36 (KHTML, like Gecko) Chrome/80.0.3987.122 Safari/537.36"
172.18.0.1 - - [06/Mar/2020:09:28:13 +0000] "GET /wp/wp-admin/images/spinner-2x.gif HTTP/1.1" 200 7536 "http://dev.vuetify.cms/wp/wp-admin/css/common.css?ver=5.3.2" "Mozilla/5.0 (Macintosh; Intel Mac OS X 10_15_2) AppleWebKit/537.36 (KHTML, like Gecko) Chrome/80.0.3987.122 Safari/537.36"
172.18.0.1 - - [06/Mar/2020:09:28:14 +0000] "GET /favicon.ico HTTP/1.1" 200 5 "http://dev.vuetify.cms/wp/wp-admin/nav-menus.php" "Mozilla/5.0 (Macintosh; Intel Mac OS X 10_15_2) AppleWebKit/537.36 (KHTML, like Gecko) Chrome/80.0.3987.122 Safari/537.36"
172.18.0.1 - - [06/Mar/2020:09:28:32 +0000] "GET / HTTP/1.1" 200 24416 "http://dev.vuetify.cms/wp/wp-admin/themes.php" "Mozilla/5.0 (Macintosh; Intel Mac OS X 10_15_2) AppleWebKit/537.36 (KHTML, like Gecko) Chrome/80.0.3987.122 Safari/537.36"
172.18.0.1 - - [06/Mar/2020:09:28:34 +0000] "GET /img/section-divider.svg HTTP/1.1" 200 1159 "http://dev.vuetify.cms/" "Mozilla/5.0 (Macintosh; Intel Mac OS X 10_15_2) AppleWebKit/537.36 (KHTML, like Gecko) Chrome/80.0.3987.122 Safari/537.36"
172.18.0.1 - - [06/Mar/2020:09:28:34 +0000] "GET /app/themes/cs-indotrek-com/public/img/favicon/favicon-32x32.png HTTP/1.1" 200 1692 "http://dev.vuetify.cms/" "Mozilla/5.0 (Macintosh; Intel Mac OS X 10_15_2) AppleWebKit/537.36 (KHTML, like Gecko) Chrome/80.0.3987.122 Safari/537.36"
172.18.0.1 - - [06/Mar/2020:09:28:45 +0000] "GET /contact-us/ HTTP/1.1" 200 12631 "http://dev.vuetify.cms/" "Mozilla/5.0 (Macintosh; Intel Mac OS X 10_15_2) AppleWebKit/537.36 (KHTML, like Gecko) Chrome/80.0.3987.122 Safari/537.36"
172.18.0.1 - - [06/Mar/2020:09:28:45 +0000] "GET /app/uploads/2020/02/Mini-Mustang-4.png HTTP/1.1" 200 392497 "http://dev.vuetify.cms/contact-us/" "Mozilla/5.0 (Macintosh; Intel Mac OS X 10_15_2) AppleWebKit/537.36 (KHTML, like Gecko) Chrome/80.0.3987.122 Safari/537.36"
127.0.0.1 - - [06/Mar/2020:09:29:02 +0000] "POST /wp/wp-cron.php?doing_wp_cron=1583486942.0790240764617919921875 HTTP/1.1" 200 31 "http://dev.vuetify.cms/wp/wp-cron.php?doing_wp_cron=1583486942.0790240764617919921875" "WordPress/5.3.2; http://dev.vuetify.cms"
172.18.0.1 - - [06/Mar/2020:09:29:03 +0000] "GET / HTTP/1.1" 200 24417 "-" "Mozilla/5.0 (Macintosh; Intel Mac OS X 10_15_2) AppleWebKit/537.36 (KHTML, like Gecko) Chrome/80.0.3987.122 Safari/537.36"
172.18.0.1 - - [06/Mar/2020:09:29:04 +0000] "GET /img/section-divider.svg HTTP/1.1" 200 1159 "http://dev.vuetify.cms/" "Mozilla/5.0 (Macintosh; Intel Mac OS X 10_15_2) AppleWebKit/537.36 (KHTML, like Gecko) Chrome/80.0.3987.122 Safari/537.36"
172.18.0.1 - - [06/Mar/2020:09:29:06 +0000] "GET / HTTP/1.1" 200 24417 "-" "Mozilla/5.0 (Macintosh; Intel Mac OS X 10_15_2) AppleWebKit/537.36 (KHTML, like Gecko) Chrome/80.0.3987.122 Safari/537.36"
172.18.0.1 - - [06/Mar/2020:09:29:06 +0000] "GET /wp/wp-includes/css/dashicons.css?ver=5.3.2 HTTP/1.1" 200 50341 "http://dev.vuetify.cms/" "Mozilla/5.0 (Macintosh; Intel Mac OS X 10_15_2) AppleWebKit/537.36 (KHTML, like Gecko) Chrome/80.0.3987.122 Safari/537.36"
172.18.0.1 - - [06/Mar/2020:09:29:06 +0000] "GET /wp/wp-includes/css/admin-bar.css?ver=5.3.2 HTTP/1.1" 200 26136 "http://dev.vuetify.cms/" "Mozilla/5.0 (Macintosh; Intel Mac OS X 10_15_2) AppleWebKit/537.36 (KHTML, like Gecko) Chrome/80.0.3987.122 Safari/537.36"
172.18.0.1 - - [06/Mar/2020:09:29:06 +0000] "GET /wp/wp-includes/css/dist/block-library/style.css?ver=5.3.2 HTTP/1.1" 200 50287 "http://dev.vuetify.cms/" "Mozilla/5.0 (Macintosh; Intel Mac OS X 10_15_2) AppleWebKit/537.36 (KHTML, like Gecko) Chrome/80.0.3987.122 Safari/537.36"
172.18.0.1 - - [06/Mar/2020:09:29:06 +0000] "GET /app/plugins/woocommerce/packages/woocommerce-blocks/build/style.css?ver=1583400216 HTTP/1.1" 200 65142 "http://dev.vuetify.cms/" "Mozilla/5.0 (Macintosh; Intel Mac OS X 10_15_2) AppleWebKit/537.36 (KHTML, like Gecko) Chrome/80.0.3987.122 Safari/537.36"
172.18.0.1 - - [06/Mar/2020:09:29:06 +0000] "GET /app/plugins/woocommerce/assets/css/woocommerce-layout.css?ver=3.9.1 HTTP/1.1" 200 17639 "http://dev.vuetify.cms/" "Mozilla/5.0 (Macintosh; Intel Mac OS X 10_15_2) AppleWebKit/537.36 (KHTML, like Gecko) Chrome/80.0.3987.122 Safari/537.36"
172.18.0.1 - - [06/Mar/2020:09:29:06 +0000] "GET /app/plugins/admin-bar-button/css/abb-front.css?scope=admin-bar-button&ver=5.3.2 HTTP/1.1" 200 1891 "http://dev.vuetify.cms/" "Mozilla/5.0 (Macintosh; Intel Mac OS X 10_15_2) AppleWebKit/537.36 (KHTML, like Gecko) Chrome/80.0.3987.122 Safari/537.36"
172.18.0.1 - - [06/Mar/2020:09:29:06 +0000] "GET /app/themes/cs-indotrek-com/public/css/vendor.css?ver=1583400219 HTTP/1.1" 200 2073 "http://dev.vuetify.cms/" "Mozilla/5.0 (Macintosh; Intel Mac OS X 10_15_2) AppleWebKit/537.36 (KHTML, like Gecko) Chrome/80.0.3987.122 Safari/537.36"
172.18.0.1 - - [06/Mar/2020:09:29:06 +0000] "GET /app/plugins/woocommerce/assets/css/woocommerce.css?ver=3.9.1 HTTP/1.1" 200 62669 "http://dev.vuetify.cms/" "Mozilla/5.0 (Macintosh; Intel Mac OS X 10_15_2) AppleWebKit/537.36 (KHTML, like Gecko) Chrome/80.0.3987.122 Safari/537.36"
172.18.0.1 - - [06/Mar/2020:09:29:06 +0000] "GET /app/themes/cs-indotrek-com/public/css/styles.css?ver=1583400219 HTTP/1.1" 200 126047 "http://dev.vuetify.cms/" "Mozilla/5.0 (Macintosh; Intel Mac OS X 10_15_2) AppleWebKit/537.36 (KHTML, like Gecko) Chrome/80.0.3987.122 Safari/537.36"
172.18.0.1 - - [06/Mar/2020:09:29:06 +0000] "GET /app/themes/cs-indotrek-com/public/css/main.css?ver=1583400219 HTTP/1.1" 200 268158 "http://dev.vuetify.cms/" "Mozilla/5.0 (Macintosh; Intel Mac OS X 10_15_2) AppleWebKit/537.36 (KHTML, like Gecko) Chrome/80.0.3987.122 Safari/537.36"
172.18.0.1 - - [06/Mar/2020:09:29:06 +0000] "GET /app/plugins/yith-woocommerce-booking-premium/assets/css/fields.css?ver=2.1.11 HTTP/1.1" 200 891 "http://dev.vuetify.cms/" "Mozilla/5.0 (Macintosh; Intel Mac OS X 10_15_2) AppleWebKit/537.36 (KHTML, like Gecko) Chrome/80.0.3987.122 Safari/537.36"
172.18.0.1 - - [06/Mar/2020:09:29:06 +0000] "GET /app/plugins/duplicate-post/duplicate-post.css?ver=3.2.4 HTTP/1.1" 200 1296 "http://dev.vuetify.cms/" "Mozilla/5.0 (Macintosh; Intel Mac OS X 10_15_2) AppleWebKit/537.36 (KHTML, like Gecko) Chrome/80.0.3987.122 Safari/537.36"
172.18.0.1 - - [06/Mar/2020:09:29:06 +0000] "GET /app/plugins/yith-woocommerce-booking-premium/assets/css/people-selector.css?ver=2.1.11 HTTP/1.1" 200 3272 "http://dev.vuetify.cms/" "Mozilla/5.0 (Macintosh; Intel Mac OS X 10_15_2) AppleWebKit/537.36 (KHTML, like Gecko) Chrome/80.0.3987.122 Safari/537.36"
172.18.0.1 - - [06/Mar/2020:09:29:06 +0000] "GET /app/plugins/yith-woocommerce-booking-premium/assets/css/booking-form.css?ver=2.1.11 HTTP/1.1" 200 8873 "http://dev.vuetify.cms/" "Mozilla/5.0 (Macintosh; Intel Mac OS X 10_15_2) AppleWebKit/537.36 (KHTML, like Gecko) Chrome/80.0.3987.122 Safari/537.36"
172.18.0.1 - - [06/Mar/2020:09:29:06 +0000] "GET /app/plugins/yith-woocommerce-booking-premium/assets/css/date-range-picker.css?ver=2.1.11 HTTP/1.1" 200 3268 "http://dev.vuetify.cms/" "Mozilla/5.0 (Macintosh; Intel Mac OS X 10_15_2) AppleWebKit/537.36 (KHTML, like Gecko) Chrome/80.0.3987.122 Safari/537.36"
172.18.0.1 - - [06/Mar/2020:09:29:06 +0000] "GET /app/plugins/yith-woocommerce-booking-premium/assets/css/frontend/frontend.css?ver=2.1.11 HTTP/1.1" 200 9545 "http://dev.vuetify.cms/" "Mozilla/5.0 (Macintosh; Intel Mac OS X 10_15_2) AppleWebKit/537.36 (KHTML, like Gecko) Chrome/80.0.3987.122 Safari/537.36"
172.18.0.1 - - [06/Mar/2020:09:29:06 +0000] "GET /app/plugins/yith-woocommerce-booking-premium/assets/css/frontend/popup.css?ver=2.1.11 HTTP/1.1" 200 2692 "http://dev.vuetify.cms/" "Mozilla/5.0 (Macintosh; Intel Mac OS X 10_15_2) AppleWebKit/537.36 (KHTML, like Gecko) Chrome/80.0.3987.122 Safari/537.36"
172.18.0.1 - - [06/Mar/2020:09:29:06 +0000] "GET /app/plugins/yith-woocommerce-booking-premium/assets/css/frontend/booking-search-form.css?ver=2.1.11 HTTP/1.1" 200 13487 "http://dev.vuetify.cms/" "Mozilla/5.0 (Macintosh; Intel Mac OS X 10_15_2) AppleWebKit/537.36 (KHTML, like Gecko) Chrome/80.0.3987.122 Safari/537.36"
172.18.0.1 - - [06/Mar/2020:09:29:06 +0000] "GET /app/plugins/yith-woocommerce-booking-premium/assets/css/datepicker.css?ver=2.1.11 HTTP/1.1" 200 9436 "http://dev.vuetify.cms/" "Mozilla/5.0 (Macintosh; Intel Mac OS X 10_15_2) AppleWebKit/537.36 (KHTML, like Gecko) Chrome/80.0.3987.122 Safari/537.36"
172.18.0.1 - - [06/Mar/2020:09:29:06 +0000] "GET /app/plugins/yith-woocommerce-booking-premium/assets/css/simple-style.css?ver=2.1.11 HTTP/1.1" 200 12014 "http://dev.vuetify.cms/" "Mozilla/5.0 (Macintosh; Intel Mac OS X 10_15_2) AppleWebKit/537.36 (KHTML, like Gecko) Chrome/80.0.3987.122 Safari/537.36"
172.18.0.1 - - [06/Mar/2020:09:29:06 +0000] "GET /app/plugins/woocommerce/assets/css/select2.css?ver=3.9.1 HTTP/1.1" 200 15314 "http://dev.vuetify.cms/" "Mozilla/5.0 (Macintosh; Intel Mac OS X 10_15_2) AppleWebKit/537.36 (KHTML, like Gecko) Chrome/80.0.3987.122 Safari/537.36"
172.18.0.1 - - [06/Mar/2020:09:29:06 +0000] "GET /wp/wp-includes/js/jquery/ui/widget.min.js?ver=1.11.4 HTTP/1.1" 200 6838 "http://dev.vuetify.cms/" "Mozilla/5.0 (Macintosh; Intel Mac OS X 10_15_2) AppleWebKit/537.36 (KHTML, like Gecko) Chrome/80.0.3987.122 Safari/537.36"
172.18.0.1 - - [06/Mar/2020:09:29:06 +0000] "GET /wp/wp-includes/js/jquery/ui/effect.min.js?ver=1.11.4 HTTP/1.1" 200 13266 "http://dev.vuetify.cms/" "Mozilla/5.0 (Macintosh; Intel Mac OS X 10_15_2) AppleWebKit/537.36 (KHTML, like Gecko) Chrome/80.0.3987.122 Safari/537.36"
172.18.0.1 - - [06/Mar/2020:09:29:06 +0000] "GET /wp/wp-includes/js/jquery/ui/effect-slide.min.js?ver=1.11.4 HTTP/1.1" 200 961 "http://dev.vuetify.cms/" "Mozilla/5.0 (Macintosh; Intel Mac OS X 10_15_2) AppleWebKit/537.36 (KHTML, like Gecko) Chrome/80.0.3987.122 Safari/537.36"
172.18.0.1 - - [06/Mar/2020:09:29:06 +0000] "GET /app/plugins/admin-bar-button/js/abb-front.js?scope=admin-bar-button&ver=5.3.2 HTTP/1.1" 200 9641 "http://dev.vuetify.cms/" "Mozilla/5.0 (Macintosh; Intel Mac OS X 10_15_2) AppleWebKit/537.36 (KHTML, like Gecko) Chrome/80.0.3987.122 Safari/537.36"
172.18.0.1 - - [06/Mar/2020:09:29:06 +0000] "GET /app/themes/cs-indotrek-com/public/img/section-divider.svg HTTP/1.1" 200 1145 "http://dev.vuetify.cms/" "Mozilla/5.0 (Macintosh; Intel Mac OS X 10_15_2) AppleWebKit/537.36 (KHTML, like Gecko) Chrome/80.0.3987.122 Safari/537.36"
172.18.0.1 - - [06/Mar/2020:09:29:06 +0000] "GET /app/uploads/2020/02/man-bicycle.png HTTP/1.1" 200 73614 "http://dev.vuetify.cms/" "Mozilla/5.0 (Macintosh; Intel Mac OS X 10_15_2) AppleWebKit/537.36 (KHTML, like Gecko) Chrome/80.0.3987.122 Safari/537.36"
172.18.0.1 - - [06/Mar/2020:09:29:06 +0000] "GET /wp/wp-includes/js/hoverintent-js.min.js?ver=2.2.1 HTTP/1.1" 200 1683 "http://dev.vuetify.cms/" "Mozilla/5.0 (Macintosh; Intel Mac OS X 10_15_2) AppleWebKit/537.36 (KHTML, like Gecko) Chrome/80.0.3987.122 Safari/537.36"
172.18.0.1 - - [06/Mar/2020:09:29:06 +0000] "GET /wp/wp-includes/js/admin-bar.js?ver=5.3.2 HTTP/1.1" 200 11148 "http://dev.vuetify.cms/" "Mozilla/5.0 (Macintosh; Intel Mac OS X 10_15_2) AppleWebKit/537.36 (KHTML, like Gecko) Chrome/80.0.3987.122 Safari/537.36"
172.18.0.1 - - [06/Mar/2020:09:29:06 +0000] "GET /app/plugins/woocommerce/assets/js/jquery-blockui/jquery.blockUI.js?ver=2.70 HTTP/1.1" 200 19971 "http://dev.vuetify.cms/" "Mozilla/5.0 (Macintosh; Intel Mac OS X 10_15_2) AppleWebKit/537.36 (KHTML, like Gecko) Chrome/80.0.3987.122 Safari/537.36"
172.18.0.1 - - [06/Mar/2020:09:29:06 +0000] "GET /app/plugins/woocommerce/assets/js/js-cookie/js.cookie.js?ver=2.1.4 HTTP/1.1" 200 3872 "http://dev.vuetify.cms/" "Mozilla/5.0 (Macintosh; Intel Mac OS X 10_15_2) AppleWebKit/537.36 (KHTML, like Gecko) Chrome/80.0.3987.122 Safari/537.36"
172.18.0.1 - - [06/Mar/2020:09:29:06 +0000] "GET /app/plugins/woocommerce/assets/js/frontend/woocommerce.js?ver=3.9.1 HTTP/1.1" 200 3189 "http://dev.vuetify.cms/" "Mozilla/5.0 (Macintosh; Intel Mac OS X 10_15_2) AppleWebKit/537.36 (KHTML, like Gecko) Chrome/80.0.3987.122 Safari/537.36"
172.18.0.1 - - [06/Mar/2020:09:29:06 +0000] "GET /app/plugins/woocommerce/assets/js/frontend/cart-fragments.js?ver=3.9.1 HTTP/1.1" 200 5640 "http://dev.vuetify.cms/" "Mozilla/5.0 (Macintosh; Intel Mac OS X 10_15_2) AppleWebKit/537.36 (KHTML, like Gecko) Chrome/80.0.3987.122 Safari/537.36"
172.18.0.1 - - [06/Mar/2020:09:29:06 +0000] "GET /app/themes/cs-indotrek-com/dist/vue-wordpress.js HTTP/1.1" 200 143213 "http://dev.vuetify.cms/" "Mozilla/5.0 (Macintosh; Intel Mac OS X 10_15_2) AppleWebKit/537.36 (KHTML, like Gecko) Chrome/80.0.3987.122 Safari/537.36"
172.18.0.1 - - [06/Mar/2020:09:29:06 +0000] "GET /app/plugins/yith-woocommerce-booking-premium/assets/js/yith-wcbk-dates.js?ver=2.1.11 HTTP/1.1" 200 2210 "http://dev.vuetify.cms/" "Mozilla/5.0 (Macintosh; Intel Mac OS X 10_15_2) AppleWebKit/537.36 (KHTML, like Gecko) Chrome/80.0.3987.122 Safari/537.36"
172.18.0.1 - - [06/Mar/2020:09:29:06 +0000] "GET /wp/wp-includes/js/jquery/ui/core.min.js?ver=1.11.4 HTTP/1.1" 200 3931 "http://dev.vuetify.cms/" "Mozilla/5.0 (Macintosh; Intel Mac OS X 10_15_2) AppleWebKit/537.36 (KHTML, like Gecko) Chrome/80.0.3987.122 Safari/537.36"
172.18.0.1 - - [06/Mar/2020:09:29:06 +0000] "GET /wp/wp-includes/js/jquery/ui/datepicker.min.js?ver=1.11.4 HTTP/1.1" 200 36380 "http://dev.vuetify.cms/" "Mozilla/5.0 (Macintosh; Intel Mac OS X 10_15_2) AppleWebKit/537.36 (KHTML, like Gecko) Chrome/80.0.3987.122 Safari/537.36"
172.18.0.1 - - [06/Mar/2020:09:29:06 +0000] "GET /app/plugins/yith-woocommerce-booking-premium/assets/js/datepicker.js?ver=2.1.11 HTTP/1.1" 200 22639 "http://dev.vuetify.cms/" "Mozilla/5.0 (Macintosh; Intel Mac OS X 10_15_2) AppleWebKit/537.36 (KHTML, like Gecko) Chrome/80.0.3987.122 Safari/537.36"
172.18.0.1 - - [06/Mar/2020:09:29:06 +0000] "GET /app/plugins/yith-woocommerce-booking-premium/assets/js/monthpicker.js?ver=2.1.11 HTTP/1.1" 200 1751 "http://dev.vuetify.cms/" "Mozilla/5.0 (Macintosh; Intel Mac OS X 10_15_2) AppleWebKit/537.36 (KHTML, like Gecko) Chrome/80.0.3987.122 Safari/537.36"
172.18.0.1 - - [06/Mar/2020:09:29:06 +0000] "GET /app/plugins/yith-woocommerce-booking-premium/assets/js/yith-wcbk-people-selector.js?ver=2.1.11 HTTP/1.1" 200 14127 "http://dev.vuetify.cms/" "Mozilla/5.0 (Macintosh; Intel Mac OS X 10_15_2) AppleWebKit/537.36 (KHTML, like Gecko) Chrome/80.0.3987.122 Safari/537.36"
172.18.0.1 - - [06/Mar/2020:09:29:06 +0000] "GET /app/plugins/yith-woocommerce-booking-premium/assets/js/booking_form.js?ver=2.1.11 HTTP/1.1" 200 22774 "http://dev.vuetify.cms/" "Mozilla/5.0 (Macintosh; Intel Mac OS X 10_15_2) AppleWebKit/537.36 (KHTML, like Gecko) Chrome/80.0.3987.122 Safari/537.36"
172.18.0.1 - - [06/Mar/2020:09:29:06 +0000] "GET /app/plugins/yith-woocommerce-booking-premium/assets/js/confirm-button.js?ver=2.1.11 HTTP/1.1" 200 1147 "http://dev.vuetify.cms/" "Mozilla/5.0 (Macintosh; Intel Mac OS X 10_15_2) AppleWebKit/537.36 (KHTML, like Gecko) Chrome/80.0.3987.122 Safari/537.36"
172.18.0.1 - - [06/Mar/2020:09:29:06 +0000] "GET /wp/wp-includes/js/wp-embed.js?ver=5.3.2 HTTP/1.1" 200 3214 "http://dev.vuetify.cms/" "Mozilla/5.0 (Macintosh; Intel Mac OS X 10_15_2) AppleWebKit/537.36 (KHTML, like Gecko) Chrome/80.0.3987.122 Safari/537.36"
172.18.0.1 - - [06/Mar/2020:09:29:06 +0000] "GET /wp/wp-includes/js/twemoji.js?ver=5.3.2 HTTP/1.1" 200 27665 "http://dev.vuetify.cms/" "Mozilla/5.0 (Macintosh; Intel Mac OS X 10_15_2) AppleWebKit/537.36 (KHTML, like Gecko) Chrome/80.0.3987.122 Safari/537.36"
172.18.0.1 - - [06/Mar/2020:09:29:06 +0000] "GET /app/uploads/2020/02/mobile-man-bicycle.png HTTP/1.1" 200 46957 "http://dev.vuetify.cms/" "Mozilla/5.0 (Macintosh; Intel Mac OS X 10_15_2) AppleWebKit/537.36 (KHTML, like Gecko) Chrome/80.0.3987.122 Safari/537.36"
172.18.0.1 - - [06/Mar/2020:09:29:06 +0000] "GET /wp/wp-includes/js/wp-emoji.js?ver=5.3.2 HTTP/1.1" 200 8990 "http://dev.vuetify.cms/" "Mozilla/5.0 (Macintosh; Intel Mac OS X 10_15_2) AppleWebKit/537.36 (KHTML, like Gecko) Chrome/80.0.3987.122 Safari/537.36"
172.18.0.1 - - [06/Mar/2020:09:29:06 +0000] "GET /app/uploads/2020/02/home-contact-bg-scaled-1920x768.jpg HTTP/1.1" 200 77807 "http://dev.vuetify.cms/" "Mozilla/5.0 (Macintosh; Intel Mac OS X 10_15_2) AppleWebKit/537.36 (KHTML, like Gecko) Chrome/80.0.3987.122 Safari/537.36"
172.18.0.1 - - [06/Mar/2020:09:29:06 +0000] "GET /app/plugins/woocommerce/assets/css/woocommerce-smallscreen.css?ver=3.9.1 HTTP/1.1" 200 6758 "http://dev.vuetify.cms/" "Mozilla/5.0 (Macintosh; Intel Mac OS X 10_15_2) AppleWebKit/537.36 (KHTML, like Gecko) Chrome/80.0.3987.122 Safari/537.36"
172.18.0.1 - - [06/Mar/2020:09:29:07 +0000] "GET /app/uploads/2020/02/Homepage-Hero-Girl_on_the_mountain-1-1440x768.jpg HTTP/1.1" 200 174735 "http://dev.vuetify.cms/" "Mozilla/5.0 (Macintosh; Intel Mac OS X 10_15_2) AppleWebKit/537.36 (KHTML, like Gecko) Chrome/80.0.3987.122 Safari/537.36"
172.18.0.1 - - [06/Mar/2020:09:29:07 +0000] "GET /app/themes/cs-indotrek-com/public/img/hero-skewline.png HTTP/1.1" 200 120800 "http://dev.vuetify.cms/" "Mozilla/5.0 (Macintosh; Intel Mac OS X 10_15_2) AppleWebKit/537.36 (KHTML, like Gecko) Chrome/80.0.3987.122 Safari/537.36"
172.18.0.1 - - [06/Mar/2020:09:29:07 +0000] "GET /app/themes/cs-indotrek-com/public/img/home-tour-bg.jpg HTTP/1.1" 200 403841 "http://dev.vuetify.cms/" "Mozilla/5.0 (Macintosh; Intel Mac OS X 10_15_2) AppleWebKit/537.36 (KHTML, like Gecko) Chrome/80.0.3987.122 Safari/537.36"
172.18.0.1 - - [06/Mar/2020:09:29:08 +0000] "GET /img/section-divider.svg HTTP/1.1" 200 1159 "http://dev.vuetify.cms/" "Mozilla/5.0 (Macintosh; Intel Mac OS X 10_15_2) AppleWebKit/537.36 (KHTML, like Gecko) Chrome/80.0.3987.122 Safari/537.36"
127.0.0.1 - - [06/Mar/2020:09:29:15 +0000] "POST /wp/wp-cron.php?doing_wp_cron=1583486955.0532939434051513671875 HTTP/1.1" 200 31 "http://dev.vuetify.cms/wp/wp-cron.php?doing_wp_cron=1583486955.0532939434051513671875" "WordPress/5.3.2; http://dev.vuetify.cms"
172.18.0.1 - - [06/Mar/2020:09:29:15 +0000] "POST /wp/wp-admin/admin-ajax.php?_fs_blog_admin=true HTTP/1.1" 200 58 "http://dev.vuetify.cms/wp/wp-admin/nav-menus.php" "Mozilla/5.0 (Macintosh; Intel Mac OS X 10_15_2) AppleWebKit/537.36 (KHTML, like Gecko) Chrome/80.0.3987.122 Safari/537.36"
127.0.0.1 - - [06/Mar/2020:09:30:40 +0000] "POST /wp/wp-cron.php?doing_wp_cron=1583487040.9667789936065673828125 HTTP/1.1" 200 31 "http://dev.vuetify.cms/wp/wp-cron.php?doing_wp_cron=1583487040.9667789936065673828125" "WordPress/5.3.2; http://dev.vuetify.cms"
172.18.0.1 - - [06/Mar/2020:09:30:42 +0000] "GET / HTTP/1.1" 200 24417 "-" "Mozilla/5.0 (Macintosh; Intel Mac OS X 10_15_2) AppleWebKit/537.36 (KHTML, like Gecko) Chrome/80.0.3987.122 Safari/537.36"
172.18.0.1 - - [06/Mar/2020:09:30:42 +0000] "GET /wp/wp-includes/css/dashicons.css?ver=5.3.2 HTTP/1.1" 200 50341 "http://dev.vuetify.cms/" "Mozilla/5.0 (Macintosh; Intel Mac OS X 10_15_2) AppleWebKit/537.36 (KHTML, like Gecko) Chrome/80.0.3987.122 Safari/537.36"
172.18.0.1 - - [06/Mar/2020:09:30:42 +0000] "GET /wp/wp-includes/css/admin-bar.css?ver=5.3.2 HTTP/1.1" 200 26136 "http://dev.vuetify.cms/" "Mozilla/5.0 (Macintosh; Intel Mac OS X 10_15_2) AppleWebKit/537.36 (KHTML, like Gecko) Chrome/80.0.3987.122 Safari/537.36"
172.18.0.1 - - [06/Mar/2020:09:30:42 +0000] "GET /app/plugins/woocommerce/assets/css/woocommerce.css?ver=3.9.1 HTTP/1.1" 200 62669 "http://dev.vuetify.cms/" "Mozilla/5.0 (Macintosh; Intel Mac OS X 10_15_2) AppleWebKit/537.36 (KHTML, like Gecko) Chrome/80.0.3987.122 Safari/537.36"
172.18.0.1 - - [06/Mar/2020:09:30:42 +0000] "GET /app/plugins/admin-bar-button/css/abb-front.css?scope=admin-bar-button&ver=5.3.2 HTTP/1.1" 200 1891 "http://dev.vuetify.cms/" "Mozilla/5.0 (Macintosh; Intel Mac OS X 10_15_2) AppleWebKit/537.36 (KHTML, like Gecko) Chrome/80.0.3987.122 Safari/537.36"
172.18.0.1 - - [06/Mar/2020:09:30:42 +0000] "GET /app/themes/cs-indotrek-com/public/css/vendor.css?ver=1583400219 HTTP/1.1" 200 2073 "http://dev.vuetify.cms/" "Mozilla/5.0 (Macintosh; Intel Mac OS X 10_15_2) AppleWebKit/537.36 (KHTML, like Gecko) Chrome/80.0.3987.122 Safari/537.36"
172.18.0.1 - - [06/Mar/2020:09:30:42 +0000] "GET /wp/wp-includes/css/dist/block-library/style.css?ver=5.3.2 HTTP/1.1" 200 50287 "http://dev.vuetify.cms/" "Mozilla/5.0 (Macintosh; Intel Mac OS X 10_15_2) AppleWebKit/537.36 (KHTML, like Gecko) Chrome/80.0.3987.122 Safari/537.36"
172.18.0.1 - - [06/Mar/2020:09:30:42 +0000] "GET /app/themes/cs-indotrek-com/public/css/styles.css?ver=1583400219 HTTP/1.1" 200 126047 "http://dev.vuetify.cms/" "Mozilla/5.0 (Macintosh; Intel Mac OS X 10_15_2) AppleWebKit/537.36 (KHTML, like Gecko) Chrome/80.0.3987.122 Safari/537.36"
172.18.0.1 - - [06/Mar/2020:09:30:42 +0000] "GET /app/themes/cs-indotrek-com/public/css/main.css?ver=1583400219 HTTP/1.1" 200 268158 "http://dev.vuetify.cms/" "Mozilla/5.0 (Macintosh; Intel Mac OS X 10_15_2) AppleWebKit/537.36 (KHTML, like Gecko) Chrome/80.0.3987.122 Safari/537.36"
172.18.0.1 - - [06/Mar/2020:09:30:42 +0000] "GET /app/plugins/duplicate-post/duplicate-post.css?ver=3.2.4 HTTP/1.1" 200 1296 "http://dev.vuetify.cms/" "Mozilla/5.0 (Macintosh; Intel Mac OS X 10_15_2) AppleWebKit/537.36 (KHTML, like Gecko) Chrome/80.0.3987.122 Safari/537.36"
172.18.0.1 - - [06/Mar/2020:09:30:42 +0000] "GET /app/plugins/woocommerce/packages/woocommerce-blocks/build/style.css?ver=1583400216 HTTP/1.1" 200 65142 "http://dev.vuetify.cms/" "Mozilla/5.0 (Macintosh; Intel Mac OS X 10_15_2) AppleWebKit/537.36 (KHTML, like Gecko) Chrome/80.0.3987.122 Safari/537.36"
172.18.0.1 - - [06/Mar/2020:09:30:42 +0000] "GET /app/plugins/yith-woocommerce-booking-premium/assets/css/fields.css?ver=2.1.11 HTTP/1.1" 200 891 "http://dev.vuetify.cms/" "Mozilla/5.0 (Macintosh; Intel Mac OS X 10_15_2) AppleWebKit/537.36 (KHTML, like Gecko) Chrome/80.0.3987.122 Safari/537.36"
172.18.0.1 - - [06/Mar/2020:09:30:42 +0000] "GET /app/plugins/yith-woocommerce-booking-premium/assets/css/people-selector.css?ver=2.1.11 HTTP/1.1" 200 3272 "http://dev.vuetify.cms/" "Mozilla/5.0 (Macintosh; Intel Mac OS X 10_15_2) AppleWebKit/537.36 (KHTML, like Gecko) Chrome/80.0.3987.122 Safari/537.36"
172.18.0.1 - - [06/Mar/2020:09:30:42 +0000] "GET /app/plugins/yith-woocommerce-booking-premium/assets/css/date-range-picker.css?ver=2.1.11 HTTP/1.1" 200 3268 "http://dev.vuetify.cms/" "Mozilla/5.0 (Macintosh; Intel Mac OS X 10_15_2) AppleWebKit/537.36 (KHTML, like Gecko) Chrome/80.0.3987.122 Safari/537.36"
172.18.0.1 - - [06/Mar/2020:09:30:42 +0000] "GET /app/plugins/woocommerce/assets/css/woocommerce-layout.css?ver=3.9.1 HTTP/1.1" 200 17639 "http://dev.vuetify.cms/" "Mozilla/5.0 (Macintosh; Intel Mac OS X 10_15_2) AppleWebKit/537.36 (KHTML, like Gecko) Chrome/80.0.3987.122 Safari/537.36"
172.18.0.1 - - [06/Mar/2020:09:30:42 +0000] "GET /app/plugins/yith-woocommerce-booking-premium/assets/css/booking-form.css?ver=2.1.11 HTTP/1.1" 200 8873 "http://dev.vuetify.cms/" "Mozilla/5.0 (Macintosh; Intel Mac OS X 10_15_2) AppleWebKit/537.36 (KHTML, like Gecko) Chrome/80.0.3987.122 Safari/537.36"
172.18.0.1 - - [06/Mar/2020:09:30:42 +0000] "GET /app/plugins/yith-woocommerce-booking-premium/assets/css/frontend/popup.css?ver=2.1.11 HTTP/1.1" 200 2692 "http://dev.vuetify.cms/" "Mozilla/5.0 (Macintosh; Intel Mac OS X 10_15_2) AppleWebKit/537.36 (KHTML, like Gecko) Chrome/80.0.3987.122 Safari/537.36"
172.18.0.1 - - [06/Mar/2020:09:30:42 +0000] "GET /app/plugins/yith-woocommerce-booking-premium/assets/css/frontend/frontend.css?ver=2.1.11 HTTP/1.1" 200 9545 "http://dev.vuetify.cms/" "Mozilla/5.0 (Macintosh; Intel Mac OS X 10_15_2) AppleWebKit/537.36 (KHTML, like Gecko) Chrome/80.0.3987.122 Safari/537.36"
172.18.0.1 - - [06/Mar/2020:09:30:42 +0000] "GET /app/plugins/yith-woocommerce-booking-premium/assets/css/frontend/booking-search-form.css?ver=2.1.11 HTTP/1.1" 200 13487 "http://dev.vuetify.cms/" "Mozilla/5.0 (Macintosh; Intel Mac OS X 10_15_2) AppleWebKit/537.36 (KHTML, like Gecko) Chrome/80.0.3987.122 Safari/537.36"
172.18.0.1 - - [06/Mar/2020:09:30:42 +0000] "GET /app/plugins/yith-woocommerce-booking-premium/assets/css/datepicker.css?ver=2.1.11 HTTP/1.1" 200 9436 "http://dev.vuetify.cms/" "Mozilla/5.0 (Macintosh; Intel Mac OS X 10_15_2) AppleWebKit/537.36 (KHTML, like Gecko) Chrome/80.0.3987.122 Safari/537.36"
172.18.0.1 - - [06/Mar/2020:09:30:42 +0000] "GET /app/plugins/yith-woocommerce-booking-premium/assets/css/simple-style.css?ver=2.1.11 HTTP/1.1" 200 12014 "http://dev.vuetify.cms/" "Mozilla/5.0 (Macintosh; Intel Mac OS X 10_15_2) AppleWebKit/537.36 (KHTML, like Gecko) Chrome/80.0.3987.122 Safari/537.36"
172.18.0.1 - - [06/Mar/2020:09:30:42 +0000] "GET /app/plugins/woocommerce/assets/css/select2.css?ver=3.9.1 HTTP/1.1" 200 15314 "http://dev.vuetify.cms/" "Mozilla/5.0 (Macintosh; Intel Mac OS X 10_15_2) AppleWebKit/537.36 (KHTML, like Gecko) Chrome/80.0.3987.122 Safari/537.36"
172.18.0.1 - - [06/Mar/2020:09:30:42 +0000] "GET /wp/wp-includes/js/jquery/ui/widget.min.js?ver=1.11.4 HTTP/1.1" 200 6838 "http://dev.vuetify.cms/" "Mozilla/5.0 (Macintosh; Intel Mac OS X 10_15_2) AppleWebKit/537.36 (KHTML, like Gecko) Chrome/80.0.3987.122 Safari/537.36"
172.18.0.1 - - [06/Mar/2020:09:30:42 +0000] "GET /wp/wp-includes/js/jquery/ui/effect.min.js?ver=1.11.4 HTTP/1.1" 200 13266 "http://dev.vuetify.cms/" "Mozilla/5.0 (Macintosh; Intel Mac OS X 10_15_2) AppleWebKit/537.36 (KHTML, like Gecko) Chrome/80.0.3987.122 Safari/537.36"
172.18.0.1 - - [06/Mar/2020:09:30:42 +0000] "GET /wp/wp-includes/js/jquery/ui/effect-slide.min.js?ver=1.11.4 HTTP/1.1" 200 961 "http://dev.vuetify.cms/" "Mozilla/5.0 (Macintosh; Intel Mac OS X 10_15_2) AppleWebKit/537.36 (KHTML, like Gecko) Chrome/80.0.3987.122 Safari/537.36"
172.18.0.1 - - [06/Mar/2020:09:30:42 +0000] "GET /app/plugins/admin-bar-button/js/abb-front.js?scope=admin-bar-button&ver=5.3.2 HTTP/1.1" 200 9641 "http://dev.vuetify.cms/" "Mozilla/5.0 (Macintosh; Intel Mac OS X 10_15_2) AppleWebKit/537.36 (KHTML, like Gecko) Chrome/80.0.3987.122 Safari/537.36"
172.18.0.1 - - [06/Mar/2020:09:30:42 +0000] "GET /app/themes/cs-indotrek-com/public/img/section-divider.svg HTTP/1.1" 200 1145 "http://dev.vuetify.cms/" "Mozilla/5.0 (Macintosh; Intel Mac OS X 10_15_2) AppleWebKit/537.36 (KHTML, like Gecko) Chrome/80.0.3987.122 Safari/537.36"
172.18.0.1 - - [06/Mar/2020:09:30:42 +0000] "GET /app/uploads/2020/02/man-bicycle.png HTTP/1.1" 200 73614 "http://dev.vuetify.cms/" "Mozilla/5.0 (Macintosh; Intel Mac OS X 10_15_2) AppleWebKit/537.36 (KHTML, like Gecko) Chrome/80.0.3987.122 Safari/537.36"
172.18.0.1 - - [06/Mar/2020:09:30:42 +0000] "GET /wp/wp-includes/js/hoverintent-js.min.js?ver=2.2.1 HTTP/1.1" 200 1683 "http://dev.vuetify.cms/" "Mozilla/5.0 (Macintosh; Intel Mac OS X 10_15_2) AppleWebKit/537.36 (KHTML, like Gecko) Chrome/80.0.3987.122 Safari/537.36"
172.18.0.1 - - [06/Mar/2020:09:30:42 +0000] "GET /wp/wp-includes/js/admin-bar.js?ver=5.3.2 HTTP/1.1" 200 11148 "http://dev.vuetify.cms/" "Mozilla/5.0 (Macintosh; Intel Mac OS X 10_15_2) AppleWebKit/537.36 (KHTML, like Gecko) Chrome/80.0.3987.122 Safari/537.36"
172.18.0.1 - - [06/Mar/2020:09:30:42 +0000] "GET /app/plugins/woocommerce/assets/js/jquery-blockui/jquery.blockUI.js?ver=2.70 HTTP/1.1" 200 19971 "http://dev.vuetify.cms/" "Mozilla/5.0 (Macintosh; Intel Mac OS X 10_15_2) AppleWebKit/537.36 (KHTML, like Gecko) Chrome/80.0.3987.122 Safari/537.36"
172.18.0.1 - - [06/Mar/2020:09:30:42 +0000] "GET /app/plugins/woocommerce/assets/js/js-cookie/js.cookie.js?ver=2.1.4 HTTP/1.1" 200 3872 "http://dev.vuetify.cms/" "Mozilla/5.0 (Macintosh; Intel Mac OS X 10_15_2) AppleWebKit/537.36 (KHTML, like Gecko) Chrome/80.0.3987.122 Safari/537.36"
172.18.0.1 - - [06/Mar/2020:09:30:42 +0000] "GET /app/plugins/woocommerce/assets/js/frontend/woocommerce.js?ver=3.9.1 HTTP/1.1" 200 3189 "http://dev.vuetify.cms/" "Mozilla/5.0 (Macintosh; Intel Mac OS X 10_15_2) AppleWebKit/537.36 (KHTML, like Gecko) Chrome/80.0.3987.122 Safari/537.36"
172.18.0.1 - - [06/Mar/2020:09:30:42 +0000] "GET /app/plugins/woocommerce/assets/js/frontend/cart-fragments.js?ver=3.9.1 HTTP/1.1" 200 5640 "http://dev.vuetify.cms/" "Mozilla/5.0 (Macintosh; Intel Mac OS X 10_15_2) AppleWebKit/537.36 (KHTML, like Gecko) Chrome/80.0.3987.122 Safari/537.36"
172.18.0.1 - - [06/Mar/2020:09:30:42 +0000] "GET /app/themes/cs-indotrek-com/dist/vue-wordpress.js HTTP/1.1" 200 143213 "http://dev.vuetify.cms/" "Mozilla/5.0 (Macintosh; Intel Mac OS X 10_15_2) AppleWebKit/537.36 (KHTML, like Gecko) Chrome/80.0.3987.122 Safari/537.36"
172.18.0.1 - - [06/Mar/2020:09:30:42 +0000] "GET /app/plugins/yith-woocommerce-booking-premium/assets/js/yith-wcbk-dates.js?ver=2.1.11 HTTP/1.1" 200 2210 "http://dev.vuetify.cms/" "Mozilla/5.0 (Macintosh; Intel Mac OS X 10_15_2) AppleWebKit/537.36 (KHTML, like Gecko) Chrome/80.0.3987.122 Safari/537.36"
172.18.0.1 - - [06/Mar/2020:09:30:42 +0000] "GET /app/plugins/yith-woocommerce-booking-premium/assets/js/monthpicker.js?ver=2.1.11 HTTP/1.1" 200 1751 "http://dev.vuetify.cms/" "Mozilla/5.0 (Macintosh; Intel Mac OS X 10_15_2) AppleWebKit/537.36 (KHTML, like Gecko) Chrome/80.0.3987.122 Safari/537.36"
172.18.0.1 - - [06/Mar/2020:09:30:42 +0000] "GET /app/plugins/yith-woocommerce-booking-premium/assets/js/datepicker.js?ver=2.1.11 HTTP/1.1" 200 22639 "http://dev.vuetify.cms/" "Mozilla/5.0 (Macintosh; Intel Mac OS X 10_15_2) AppleWebKit/537.36 (KHTML, like Gecko) Chrome/80.0.3987.122 Safari/537.36"
172.18.0.1 - - [06/Mar/2020:09:30:42 +0000] "GET /wp/wp-includes/js/jquery/ui/core.min.js?ver=1.11.4 HTTP/1.1" 200 3931 "http://dev.vuetify.cms/" "Mozilla/5.0 (Macintosh; Intel Mac OS X 10_15_2) AppleWebKit/537.36 (KHTML, like Gecko) Chrome/80.0.3987.122 Safari/537.36"
172.18.0.1 - - [06/Mar/2020:09:30:42 +0000] "GET /wp/wp-includes/js/jquery/ui/datepicker.min.js?ver=1.11.4 HTTP/1.1" 200 36380 "http://dev.vuetify.cms/" "Mozilla/5.0 (Macintosh; Intel Mac OS X 10_15_2) AppleWebKit/537.36 (KHTML, like Gecko) Chrome/80.0.3987.122 Safari/537.36"
172.18.0.1 - - [06/Mar/2020:09:30:42 +0000] "GET /app/plugins/yith-woocommerce-booking-premium/assets/js/yith-wcbk-people-selector.js?ver=2.1.11 HTTP/1.1" 200 14127 "http://dev.vuetify.cms/" "Mozilla/5.0 (Macintosh; Intel Mac OS X 10_15_2) AppleWebKit/537.36 (KHTML, like Gecko) Chrome/80.0.3987.122 Safari/537.36"
172.18.0.1 - - [06/Mar/2020:09:30:42 +0000] "GET /app/plugins/yith-woocommerce-booking-premium/assets/js/booking_form.js?ver=2.1.11 HTTP/1.1" 200 22774 "http://dev.vuetify.cms/" "Mozilla/5.0 (Macintosh; Intel Mac OS X 10_15_2) AppleWebKit/537.36 (KHTML, like Gecko) Chrome/80.0.3987.122 Safari/537.36"
172.18.0.1 - - [06/Mar/2020:09:30:42 +0000] "GET /app/plugins/yith-woocommerce-booking-premium/assets/js/confirm-button.js?ver=2.1.11 HTTP/1.1" 200 1147 "http://dev.vuetify.cms/" "Mozilla/5.0 (Macintosh; Intel Mac OS X 10_15_2) AppleWebKit/537.36 (KHTML, like Gecko) Chrome/80.0.3987.122 Safari/537.36"
172.18.0.1 - - [06/Mar/2020:09:30:42 +0000] "GET /wp/wp-includes/js/wp-embed.js?ver=5.3.2 HTTP/1.1" 200 3214 "http://dev.vuetify.cms/" "Mozilla/5.0 (Macintosh; Intel Mac OS X 10_15_2) AppleWebKit/537.36 (KHTML, like Gecko) Chrome/80.0.3987.122 Safari/537.36"
172.18.0.1 - - [06/Mar/2020:09:30:42 +0000] "GET /wp/wp-includes/js/twemoji.js?ver=5.3.2 HTTP/1.1" 200 27665 "http://dev.vuetify.cms/" "Mozilla/5.0 (Macintosh; Intel Mac OS X 10_15_2) AppleWebKit/537.36 (KHTML, like Gecko) Chrome/80.0.3987.122 Safari/537.36"
172.18.0.1 - - [06/Mar/2020:09:30:42 +0000] "GET /wp/wp-includes/js/wp-emoji.js?ver=5.3.2 HTTP/1.1" 200 8990 "http://dev.vuetify.cms/" "Mozilla/5.0 (Macintosh; Intel Mac OS X 10_15_2) AppleWebKit/537.36 (KHTML, like Gecko) Chrome/80.0.3987.122 Safari/537.36"
172.18.0.1 - - [06/Mar/2020:09:30:42 +0000] "GET /app/uploads/2020/02/mobile-man-bicycle.png HTTP/1.1" 200 46957 "http://dev.vuetify.cms/" "Mozilla/5.0 (Macintosh; Intel Mac OS X 10_15_2) AppleWebKit/537.36 (KHTML, like Gecko) Chrome/80.0.3987.122 Safari/537.36"
172.18.0.1 - - [06/Mar/2020:09:30:42 +0000] "GET /app/uploads/2020/02/home-contact-bg-scaled-1920x768.jpg HTTP/1.1" 200 77807 "http://dev.vuetify.cms/" "Mozilla/5.0 (Macintosh; Intel Mac OS X 10_15_2) AppleWebKit/537.36 (KHTML, like Gecko) Chrome/80.0.3987.122 Safari/537.36"
172.18.0.1 - - [06/Mar/2020:09:30:42 +0000] "GET /app/plugins/woocommerce/assets/css/woocommerce-smallscreen.css?ver=3.9.1 HTTP/1.1" 200 6758 "http://dev.vuetify.cms/" "Mozilla/5.0 (Macintosh; Intel Mac OS X 10_15_2) AppleWebKit/537.36 (KHTML, like Gecko) Chrome/80.0.3987.122 Safari/537.36"
172.18.0.1 - - [06/Mar/2020:09:30:43 +0000] "GET /app/uploads/2020/02/Homepage-Hero-Girl_on_the_mountain-1-1440x768.jpg HTTP/1.1" 200 174735 "http://dev.vuetify.cms/" "Mozilla/5.0 (Macintosh; Intel Mac OS X 10_15_2) AppleWebKit/537.36 (KHTML, like Gecko) Chrome/80.0.3987.122 Safari/537.36"
172.18.0.1 - - [06/Mar/2020:09:30:43 +0000] "GET /app/themes/cs-indotrek-com/public/img/hero-skewline.png HTTP/1.1" 200 120800 "http://dev.vuetify.cms/" "Mozilla/5.0 (Macintosh; Intel Mac OS X 10_15_2) AppleWebKit/537.36 (KHTML, like Gecko) Chrome/80.0.3987.122 Safari/537.36"
172.18.0.1 - - [06/Mar/2020:09:30:43 +0000] "GET /app/themes/cs-indotrek-com/public/img/home-tour-bg.jpg HTTP/1.1" 200 403841 "http://dev.vuetify.cms/" "Mozilla/5.0 (Macintosh; Intel Mac OS X 10_15_2) AppleWebKit/537.36 (KHTML, like Gecko) Chrome/80.0.3987.122 Safari/537.36"
172.18.0.1 - - [06/Mar/2020:09:30:44 +0000] "GET /img/section-divider.svg HTTP/1.1" 200 1159 "http://dev.vuetify.cms/" "Mozilla/5.0 (Macintosh; Intel Mac OS X 10_15_2) AppleWebKit/537.36 (KHTML, like Gecko) Chrome/80.0.3987.122 Safari/537.36"
172.18.0.1 - - [06/Mar/2020:09:30:44 +0000] "GET /app/themes/cs-indotrek-com/public/img/favicon/favicon-32x32.png HTTP/1.1" 200 1692 "http://dev.vuetify.cms/" "Mozilla/5.0 (Macintosh; Intel Mac OS X 10_15_2) AppleWebKit/537.36 (KHTML, like Gecko) Chrome/80.0.3987.122 Safari/537.36"
127.0.0.1 - - [06/Mar/2020:09:31:15 +0000] "POST /wp/wp-cron.php?doing_wp_cron=1583487075.9339399337768554687500 HTTP/1.1" 200 31 "http://dev.vuetify.cms/wp/wp-cron.php?doing_wp_cron=1583487075.9339399337768554687500" "WordPress/5.3.2; http://dev.vuetify.cms"
172.18.0.1 - - [06/Mar/2020:09:31:16 +0000] "POST /wp/wp-admin/admin-ajax.php?_fs_blog_admin=true HTTP/1.1" 200 58 "http://dev.vuetify.cms/wp/wp-admin/nav-menus.php" "Mozilla/5.0 (Macintosh; Intel Mac OS X 10_15_2) AppleWebKit/537.36 (KHTML, like Gecko) Chrome/80.0.3987.122 Safari/537.36"
172.18.0.1 - - [06/Mar/2020:09:31:18 +0000] "GET / HTTP/1.1" 200 24417 "-" "Mozilla/5.0 (Macintosh; Intel Mac OS X 10_15_2) AppleWebKit/537.36 (KHTML, like Gecko) Chrome/80.0.3987.122 Safari/537.36"
172.18.0.1 - - [06/Mar/2020:09:31:20 +0000] "GET /img/section-divider.svg HTTP/1.1" 200 1159 "http://dev.vuetify.cms/" "Mozilla/5.0 (Macintosh; Intel Mac OS X 10_15_2) AppleWebKit/537.36 (KHTML, like Gecko) Chrome/80.0.3987.122 Safari/537.36"
172.18.0.1 - - [06/Mar/2020:09:31:20 +0000] "GET /app/themes/cs-indotrek-com/public/img/favicon/favicon-32x32.png HTTP/1.1" 200 1692 "http://dev.vuetify.cms/" "Mozilla/5.0 (Macintosh; Intel Mac OS X 10_15_2) AppleWebKit/537.36 (KHTML, like Gecko) Chrome/80.0.3987.122 Safari/537.36"
127.0.0.1 - - [06/Mar/2020:09:31:55 +0000] "POST /wp/wp-cron.php?doing_wp_cron=1583487115.8859169483184814453125 HTTP/1.1" 200 31 "http://dev.vuetify.cms/wp/wp-cron.php?doing_wp_cron=1583487115.8859169483184814453125" "WordPress/5.3.2; http://dev.vuetify.cms"
172.18.0.1 - - [06/Mar/2020:09:31:57 +0000] "GET / HTTP/1.1" 200 24416 "-" "Mozilla/5.0 (Macintosh; Intel Mac OS X 10_15_2) AppleWebKit/537.36 (KHTML, like Gecko) Chrome/80.0.3987.122 Safari/537.36"
172.18.0.1 - - [06/Mar/2020:09:31:58 +0000] "GET /img/section-divider.svg HTTP/1.1" 200 1159 "http://dev.vuetify.cms/" "Mozilla/5.0 (Macintosh; Intel Mac OS X 10_15_2) AppleWebKit/537.36 (KHTML, like Gecko) Chrome/80.0.3987.122 Safari/537.36"
172.18.0.1 - - [06/Mar/2020:09:31:58 +0000] "GET /app/themes/cs-indotrek-com/public/img/favicon/favicon-32x32.png HTTP/1.1" 200 1692 "http://dev.vuetify.cms/" "Mozilla/5.0 (Macintosh; Intel Mac OS X 10_15_2) AppleWebKit/537.36 (KHTML, like Gecko) Chrome/80.0.3987.122 Safari/537.36"
127.0.0.1 - - [06/Mar/2020:09:32:26 +0000] "POST /wp/wp-cron.php?doing_wp_cron=1583487146.9657208919525146484375 HTTP/1.1" 200 31 "http://dev.vuetify.cms/wp/wp-cron.php?doing_wp_cron=1583487146.9657208919525146484375" "WordPress/5.3.2; http://dev.vuetify.cms"
172.18.0.1 - - [06/Mar/2020:09:32:28 +0000] "GET / HTTP/1.1" 200 24415 "-" "Mozilla/5.0 (Macintosh; Intel Mac OS X 10_15_2) AppleWebKit/537.36 (KHTML, like Gecko) Chrome/80.0.3987.122 Safari/537.36"
172.18.0.1 - - [06/Mar/2020:09:32:29 +0000] "GET /img/section-divider.svg HTTP/1.1" 200 1159 "http://dev.vuetify.cms/" "Mozilla/5.0 (Macintosh; Intel Mac OS X 10_15_2) AppleWebKit/537.36 (KHTML, like Gecko) Chrome/80.0.3987.122 Safari/537.36"
172.18.0.1 - - [06/Mar/2020:09:32:30 +0000] "GET /app/themes/cs-indotrek-com/public/img/favicon/favicon-32x32.png HTTP/1.1" 200 1692 "http://dev.vuetify.cms/" "Mozilla/5.0 (Macintosh; Intel Mac OS X 10_15_2) AppleWebKit/537.36 (KHTML, like Gecko) Chrome/80.0.3987.122 Safari/537.36"
127.0.0.1 - - [06/Mar/2020:09:33:16 +0000] "POST /wp/wp-cron.php?doing_wp_cron=1583487196.6872859001159667968750 HTTP/1.1" 200 31 "http://dev.vuetify.cms/wp/wp-cron.php?doing_wp_cron=1583487196.6872859001159667968750" "WordPress/5.3.2; http://dev.vuetify.cms"
172.18.0.1 - - [06/Mar/2020:09:33:16 +0000] "POST /wp/wp-admin/admin-ajax.php?_fs_blog_admin=true HTTP/1.1" 200 58 "http://dev.vuetify.cms/wp/wp-admin/nav-menus.php" "Mozilla/5.0 (Macintosh; Intel Mac OS X 10_15_2) AppleWebKit/537.36 (KHTML, like Gecko) Chrome/80.0.3987.122 Safari/537.36"
